0 verbose cli /Users/osborn/.nvm/versions/node/v24.16.0/bin/node /Users/osborn/.nvm/versions/node/v24.16.0/bin/npm
1 info using npm@11.13.0
2 info using node@v24.16.0
3 silly config load:file:/Users/osborn/.nvm/versions/node/v24.16.0/lib/node_modules/npm/npmrc
4 silly config load:file:/Users/osborn/Documents/react-native/offline-data-sync-app/.npmrc
5 silly config load:file:/Users/osborn/.npmrc
6 silly config load:file:/Users/osborn/.nvm/versions/node/v24.16.0/etc/npmrc
7 verbose title npm install @react-native-firebase/auth@^20.1.0
8 verbose argv "install" "@react-native-firebase/auth@^20.1.0" "--cache" ".npm-cache"
9 verbose logfile logs-max:10 dir:/Users/osborn/Documents/react-native/offline-data-sync-app/.npm-cache/_logs/2026-08-12T12_44_52_476Z-
10 verbose logfile /Users/osborn/Documents/react-native/offline-data-sync-app/.npm-cache/_logs/2026-08-12T12_44_52_476Z-debug-0.log
11 silly logfile done cleaning log files
12 silly packumentCache heap:2348810240 maxSize:587202560 maxEntrySize:293601280
13 silly idealTree buildDeps
14 silly fetch manifest @react-native-firebase/auth@^20.1.0
15 silly packumentCache full:https://registry.npmjs.org/@react-native-firebase%2fauth cache-miss
16 http fetch GET 200 https://registry.npmjs.org/@react-native-firebase%2fauth 1141ms (cache miss)
17 silly packumentCache full:https://registry.npmjs.org/@react-native-firebase%2fauth set size:undefined disposed:false
18 silly fetch manifest @react-native-firebase/app@^20.1.0
19 silly packumentCache full:https://registry.npmjs.org/@react-native-firebase%2fapp cache-miss
20 http fetch GET 200 https://registry.npmjs.org/npm 1673ms
21 http fetch GET 200 https://registry.npmjs.org/@react-native-firebase%2fapp 1526ms (cache miss)
22 silly packumentCache full:https://registry.npmjs.org/@react-native-firebase%2fapp set size:undefined disposed:false
23 silly fetch manifest expo@~51.0.17
24 silly packumentCache full:https://registry.npmjs.org/expo cache-miss
25 http fetch GET 200 https://registry.npmjs.org/expo 1048ms (cache miss)
26 silly packumentCache full:https://registry.npmjs.org/expo set size:undefined disposed:false
27 silly fetch manifest react@18.2.0
28 silly packumentCache full:https://registry.npmjs.org/react cache-miss
29 http fetch GET 200 https://registry.npmjs.org/react 1737ms (cache miss)
30 silly packumentCache full:https://registry.npmjs.org/react set size:undefined disposed:false
31 silly fetch manifest react-native@0.74.2
32 silly packumentCache full:https://registry.npmjs.org/react-native cache-miss
33 http fetch GET 200 https://registry.npmjs.org/react-native 2383ms (cache miss)
34 silly packumentCache full:https://registry.npmjs.org/react-native set size:undefined disposed:false
35 silly fetch manifest @types/react@~18.2.45
36 silly packumentCache full:https://registry.npmjs.org/@types%2freact cache-miss
37 http fetch GET 200 https://registry.npmjs.org/@types%2freact 1139ms (cache miss)
38 silly packumentCache full:https://registry.npmjs.org/@types%2freact set size:undefined disposed:false
39 silly placeDep ROOT @react-native-firebase/auth@20.5.0 OK for: offline-data-sync-app@1.0.0 want: ^20.1.0
40 silly reify moves {}
41 silly audit bulk request {
41 silly audit   '@babel/code-frame': [ '7.29.7', '7.10.4' ],
41 silly audit   '@babel/compat-data': [ '7.29.7' ],
41 silly audit   '@babel/core': [ '7.29.7' ],
41 silly audit   '@babel/generator': [ '7.29.8', '7.2.0' ],
41 silly audit   '@babel/helper-annotate-as-pure': [ '7.29.7' ],
41 silly audit   '@babel/helper-compilation-targets': [ '7.29.7' ],
41 silly audit   '@babel/helper-create-class-features-plugin': [ '7.29.7' ],
41 silly audit   '@babel/helper-create-regexp-features-plugin': [ '7.29.7' ],
41 silly audit   '@babel/helper-define-polyfill-provider': [ '0.6.8' ],
41 silly audit   '@babel/helper-environment-visitor': [ '7.24.7' ],
41 silly audit   '@babel/helper-globals': [ '7.29.7' ],
41 silly audit   '@babel/helper-member-expression-to-functions': [ '7.29.7' ],
41 silly audit   '@babel/helper-module-imports': [ '7.29.7' ],
41 silly audit   '@babel/helper-module-transforms': [ '7.29.7' ],
41 silly audit   '@babel/helper-optimise-call-expression': [ '7.29.7' ],
41 silly audit   '@babel/helper-plugin-utils': [ '7.29.7' ],
41 silly audit   '@babel/helper-remap-async-to-generator': [ '7.29.7' ],
41 silly audit   '@babel/helper-replace-supers': [ '7.29.7' ],
41 silly audit   '@babel/helper-skip-transparent-expression-wrappers': [ '7.29.7' ],
41 silly audit   '@babel/helper-string-parser': [ '7.29.7' ],
41 silly audit   '@babel/helper-validator-identifier': [ '7.29.7' ],
41 silly audit   '@babel/helper-validator-option': [ '7.29.7' ],
41 silly audit   '@babel/helper-wrap-function': [ '7.29.7' ],
41 silly audit   '@babel/helpers': [ '7.29.7' ],
41 silly audit   '@babel/highlight': [ '7.25.9' ],
41 silly audit   'ansi-styles': [ '3.2.1', '6.2.3', '4.3.0', '5.2.0' ],
41 silly audit   chalk: [ '2.4.2', '4.1.2', '3.0.0' ],
41 silly audit   'color-convert': [ '1.9.3', '2.0.1' ],
41 silly audit   'color-name': [ '1.1.3', '1.1.4' ],
41 silly audit   'escape-string-regexp': [ '1.0.5', '4.0.0', '2.0.0' ],
41 silly audit   'has-flag': [ '3.0.0', '4.0.0' ],
41 silly audit   'supports-color': [ '5.5.0', '8.1.1', '7.2.0' ],
41 silly audit   '@babel/parser': [ '7.29.8' ],
41 silly audit   '@babel/plugin-bugfix-firefox-class-in-computed-class-key': [ '7.29.7' ],
41 silly audit   '@babel/plugin-bugfix-safari-class-field-initializer-scope': [ '7.29.7' ],
41 silly audit   '@babel/plugin-bugfix-safari-id-destructuring-collision-in-function-expression': [ '7.29.7' ],
41 silly audit   '@babel/plugin-bugfix-safari-rest-destructuring-rhs-array': [ '7.29.7' ],
41 silly audit   '@babel/plugin-bugfix-v8-spread-parameters-in-optional-chaining': [ '7.29.7' ],
41 silly audit   '@babel/plugin-bugfix-v8-static-class-fields-redefine-readonly': [ '7.29.7' ],
41 silly audit   '@babel/plugin-proposal-async-generator-functions': [ '7.20.7' ],
41 silly audit   '@babel/plugin-proposal-class-properties': [ '7.18.6' ],
41 silly audit   '@babel/plugin-proposal-decorators': [ '7.29.7' ],
41 silly audit   '@babel/plugin-proposal-export-default-from': [ '7.29.7' ],
41 silly audit   '@babel/plugin-proposal-logical-assignment-operators': [ '7.20.7' ],
41 silly audit   '@babel/plugin-proposal-nullish-coalescing-operator': [ '7.18.6' ],
41 silly audit   '@babel/plugin-proposal-numeric-separator': [ '7.18.6' ],
41 silly audit   '@babel/plugin-proposal-object-rest-spread': [ '7.20.7' ],
41 silly audit   '@babel/plugin-proposal-optional-catch-binding': [ '7.18.6' ],
41 silly audit   '@babel/plugin-proposal-optional-chaining': [ '7.21.0' ],
41 silly audit   '@babel/plugin-proposal-private-property-in-object': [ '7.21.0-placeholder-for-preset-env.2' ],
41 silly audit   '@babel/plugin-syntax-async-generators': [ '7.8.4' ],
41 silly audit   '@babel/plugin-syntax-bigint': [ '7.8.3' ],
41 silly audit   '@babel/plugin-syntax-class-properties': [ '7.12.13' ],
41 silly audit   '@babel/plugin-syntax-class-static-block': [ '7.14.5' ],
41 silly audit   '@babel/plugin-syntax-decorators': [ '7.29.7' ],
41 silly audit   '@babel/plugin-syntax-dynamic-import': [ '7.8.3' ],
41 silly audit   '@babel/plugin-syntax-export-default-from': [ '7.29.7' ],
41 silly audit   '@babel/plugin-syntax-flow': [ '7.29.7' ],
41 silly audit   '@babel/plugin-syntax-import-assertions': [ '7.29.7' ],
41 silly audit   '@babel/plugin-syntax-import-attributes': [ '7.29.7' ],
41 silly audit   '@babel/plugin-syntax-import-meta': [ '7.10.4' ],
41 silly audit   '@babel/plugin-syntax-json-strings': [ '7.8.3' ],
41 silly audit   '@babel/plugin-syntax-jsx': [ '7.29.7' ],
41 silly audit   '@babel/plugin-syntax-logical-assignment-operators': [ '7.10.4' ],
41 silly audit   '@babel/plugin-syntax-nullish-coalescing-operator': [ '7.8.3' ],
41 silly audit   '@babel/plugin-syntax-numeric-separator': [ '7.10.4' ],
41 silly audit   '@babel/plugin-syntax-object-rest-spread': [ '7.8.3' ],
41 silly audit   '@babel/plugin-syntax-optional-catch-binding': [ '7.8.3' ],
41 silly audit   '@babel/plugin-syntax-optional-chaining': [ '7.8.3' ],
41 silly audit   '@babel/plugin-syntax-private-property-in-object': [ '7.14.5' ],
41 silly audit   '@babel/plugin-syntax-top-level-await': [ '7.14.5' ],
41 silly audit   '@babel/plugin-syntax-typescript': [ '7.29.7' ],
41 silly audit   '@babel/plugin-syntax-unicode-sets-regex': [ '7.18.6' ],
41 silly audit   '@babel/plugin-transform-arrow-functions': [ '7.29.7' ],
41 silly audit   '@babel/plugin-transform-async-generator-functions': [ '7.29.7' ],
41 silly audit   '@babel/plugin-transform-async-to-generator': [ '7.29.7' ],
41 silly audit   '@babel/plugin-transform-block-scoped-functions': [ '7.29.7' ],
41 silly audit   '@babel/plugin-transform-block-scoping': [ '7.29.7' ],
41 silly audit   '@babel/plugin-transform-class-properties': [ '7.29.7' ],
41 silly audit   '@babel/plugin-transform-class-static-block': [ '7.29.7' ],
41 silly audit   '@babel/plugin-transform-classes': [ '7.29.7' ],
41 silly audit   '@babel/plugin-transform-computed-properties': [ '7.29.7' ],
41 silly audit   '@babel/plugin-transform-destructuring': [ '7.29.7' ],
41 silly audit   '@babel/plugin-transform-dotall-regex': [ '7.29.7' ],
41 silly audit   '@babel/plugin-transform-duplicate-keys': [ '7.29.7' ],
41 silly audit   '@babel/plugin-transform-duplicate-named-capturing-groups-regex': [ '7.29.7' ],
41 silly audit   '@babel/plugin-transform-dynamic-import': [ '7.29.7' ],
41 silly audit   '@babel/plugin-transform-explicit-resource-management': [ '7.29.7' ],
41 silly audit   '@babel/plugin-transform-exponentiation-operator': [ '7.29.7' ],
41 silly audit   '@babel/plugin-transform-export-namespace-from': [ '7.29.7' ],
41 silly audit   '@babel/plugin-transform-flow-strip-types': [ '7.29.7' ],
41 silly audit   '@babel/plugin-transform-for-of': [ '7.29.7' ],
41 silly audit   '@babel/plugin-transform-function-name': [ '7.29.7' ],
41 silly audit   '@babel/plugin-transform-json-strings': [ '7.29.7' ],
41 silly audit   '@babel/plugin-transform-literals': [ '7.29.7' ],
41 silly audit   '@babel/plugin-transform-logical-assignment-operators': [ '7.29.7' ],
41 silly audit   '@babel/plugin-transform-member-expression-literals': [ '7.29.7' ],
41 silly audit   '@babel/plugin-transform-modules-amd': [ '7.29.7' ],
41 silly audit   '@babel/plugin-transform-modules-commonjs': [ '7.29.7' ],
41 silly audit   '@babel/plugin-transform-modules-systemjs': [ '7.29.8' ],
41 silly audit   '@babel/plugin-transform-modules-umd': [ '7.29.7' ],
41 silly audit   '@babel/plugin-transform-named-capturing-groups-regex': [ '7.29.7' ],
41 silly audit   '@babel/plugin-transform-new-target': [ '7.29.7' ],
41 silly audit   '@babel/plugin-transform-nullish-coalescing-operator': [ '7.29.7' ],
41 silly audit   '@babel/plugin-transform-numeric-separator': [ '7.29.7' ],
41 silly audit   '@babel/plugin-transform-object-rest-spread': [ '7.29.7' ],
41 silly audit   '@babel/plugin-transform-object-super': [ '7.29.7' ],
41 silly audit   '@babel/plugin-transform-optional-catch-binding': [ '7.29.7' ],
41 silly audit   '@babel/plugin-transform-optional-chaining': [ '7.29.7' ],
41 silly audit   '@babel/plugin-transform-parameters': [ '7.29.7' ],
41 silly audit   '@babel/plugin-transform-private-methods': [ '7.29.7' ],
41 silly audit   '@babel/plugin-transform-private-property-in-object': [ '7.29.7' ],
41 silly audit   '@babel/plugin-transform-property-literals': [ '7.29.7' ],
41 silly audit   '@babel/plugin-transform-react-display-name': [ '7.29.7' ],
41 silly audit   '@babel/plugin-transform-react-jsx': [ '7.29.7' ],
41 silly audit   '@babel/plugin-transform-react-jsx-development': [ '7.29.7' ],
41 silly audit   '@babel/plugin-transform-react-jsx-self': [ '7.29.7' ],
41 silly audit   '@babel/plugin-transform-react-jsx-source': [ '7.29.7' ],
41 silly audit   '@babel/plugin-transform-react-pure-annotations': [ '7.29.7' ],
41 silly audit   '@babel/plugin-transform-regenerator': [ '7.29.8' ],
41 silly audit   '@babel/plugin-transform-regexp-modifiers': [ '7.29.7' ],
41 silly audit   '@babel/plugin-transform-reserved-words': [ '7.29.7' ],
41 silly audit   '@babel/plugin-transform-runtime': [ '7.29.7' ],
41 silly audit   '@babel/plugin-transform-shorthand-properties': [ '7.29.7' ],
41 silly audit   '@babel/plugin-transform-spread': [ '7.29.8' ],
41 silly audit   '@babel/plugin-transform-sticky-regex': [ '7.29.7' ],
41 silly audit   '@babel/plugin-transform-template-literals': [ '7.29.7' ],
41 silly audit   '@babel/plugin-transform-typeof-symbol': [ '7.29.7' ],
41 silly audit   '@babel/plugin-transform-typescript': [ '7.29.7' ],
41 silly audit   '@babel/plugin-transform-unicode-escapes': [ '7.29.7' ],
41 silly audit   '@babel/plugin-transform-unicode-property-regex': [ '7.29.7' ],
41 silly audit   '@babel/plugin-transform-unicode-regex': [ '7.29.7' ],
41 silly audit   '@babel/plugin-transform-unicode-sets-regex': [ '7.29.7' ],
41 silly audit   '@babel/preset-env': [ '7.29.7' ],
41 silly audit   'babel-plugin-polyfill-corejs3': [ '0.14.2', '0.13.0' ],
41 silly audit   '@babel/preset-flow': [ '7.29.7' ],
41 silly audit   '@babel/preset-modules': [ '0.1.6-no-external-plugins' ],
41 silly audit   '@babel/preset-react': [ '7.29.7' ],
41 silly audit   '@babel/preset-typescript': [ '7.29.7' ],
41 silly audit   '@babel/register': [ '7.29.7' ],
41 silly audit   'make-dir': [ '2.1.0', '4.0.0' ],
41 silly audit   semver: [ '5.7.2', '7.8.5', '6.3.1' ],
41 silly audit   '@babel/runtime': [ '7.29.7' ],
41 silly audit   '@babel/template': [ '7.29.7' ],
41 silly audit   '@babel/traverse': [ '7.29.8' ],
41 silly audit   '@babel/types': [ '7.29.8' ],
41 silly audit   '@bcoe/v8-coverage': [ '0.2.3' ],
41 silly audit   '@callstack/react-theme-provider': [ '3.0.9' ],
41 silly audit   deepmerge: [ '3.3.0', '4.3.1' ],
41 silly audit   '@egjs/hammerjs': [ '2.0.17' ],
41 silly audit   '@expo/bunyan': [ '4.0.1' ],
41 silly audit   '@expo/cli': [ '0.18.31' ],
41 silly audit   '@expo/code-signing-certificates': [ '0.0.5' ],
41 silly audit   '@expo/config': [ '9.0.4' ],
41 silly audit   '@expo/config-plugins': [ '8.0.11' ],
41 silly audit   glob: [ '7.1.6', '10.5.0', '7.2.3' ],
41 silly audit   '@expo/config-types': [ '51.0.3' ],
41 silly audit   '@expo/devcert': [ '1.2.1' ],
41 silly audit   debug: [ '3.2.7', '2.6.9', '4.4.3' ],
41 silly audit   '@expo/env': [ '0.3.0' ],
41 silly audit   '@expo/image-utils': [ '0.5.1' ],
41 silly audit   'crypto-random-string': [ '1.0.0', '2.0.0' ],
41 silly audit   'fs-extra': [ '9.0.0', '9.1.0', '8.1.0' ],
41 silly audit   jsonfile: [ '6.2.1', '4.0.0' ],
41 silly audit   universalify: [ '2.0.1', '1.0.0', '0.2.0', '0.1.2' ],
41 silly audit   'temp-dir': [ '1.0.0', '2.0.0' ],
41 silly audit   tempy: [ '0.3.0', '0.7.1' ],
41 silly audit   'type-fest': [ '0.3.1', '0.7.1', '0.16.0', '0.21.3' ],
41 silly audit   'unique-string': [ '1.0.0', '2.0.0' ],
41 silly audit   '@expo/json-file': [ '8.3.3', '11.0.1' ],
41 silly audit   '@expo/metro-config': [ '0.18.11' ],
41 silly audit   '@expo/metro-runtime': [ '3.2.3' ],
41 silly audit   '@expo/osascript': [ '2.7.1' ],
41 silly audit   '@expo/package-manager': [ '1.13.1' ],
41 silly audit   'hosted-git-info': [ '7.0.2', '3.0.8' ],
41 silly audit   'lru-cache': [ '10.4.3', '6.0.0', '5.1.1' ],
41 silly audit   'npm-package-arg': [ '11.0.3', '7.0.0' ],
41 silly audit   'validate-npm-package-name': [ '5.0.1', '3.0.0' ],
41 silly audit   '@expo/plist': [ '0.1.3' ],
41 silly audit   '@expo/prebuild-config': [ '7.0.9' ],
41 silly audit   '@expo/rudder-sdk-node': [ '1.1.1' ],
41 silly audit   '@expo/sdk-runtime-versions': [ '1.0.0' ],
41 silly audit   '@expo/server': [ '0.4.4' ],
41 silly audit   '@expo/spawn-async': [ '1.8.0' ],
41 silly audit   '@expo/sudo-prompt': [ '9.3.2' ],
41 silly audit   '@expo/vector-icons': [ '14.1.0' ],
41 silly audit   '@expo/xcpretty': [ '4.4.4' ],
41 silly audit   argparse: [ '2.0.1', '1.0.10' ],
41 silly audit   'js-yaml': [ '4.3.1', '3.15.1' ],
41 silly audit   '@fastify/busboy': [ '2.1.1' ],
41 silly audit   '@firebase/analytics': [ '0.10.8', '0.10.4' ],
41 silly audit   '@firebase/analytics-compat': [ '0.2.14', '0.2.10' ],
41 silly audit   '@firebase/analytics-types': [ '0.8.2' ],
41 silly audit   '@firebase/app': [ '0.10.13', '0.10.5' ],
41 silly audit   '@firebase/app-check': [ '0.8.8', '0.8.4' ],
41 silly audit   '@firebase/app-check-compat': [ '0.3.15', '0.3.11' ],
41 silly audit   '@firebase/app-check-interop-types': [ '0.3.2' ],
41 silly audit   '@firebase/app-check-types': [ '0.5.2' ],
41 silly audit   '@firebase/app-compat': [ '0.2.43', '0.2.35' ],
41 silly audit   '@firebase/app-types': [ '0.9.2' ],
41 silly audit   '@firebase/auth': [ '1.7.9', '1.7.4' ],
41 silly audit   '@firebase/auth-compat': [ '0.5.14', '0.5.9' ],
41 silly audit   undici: [ '6.19.7', '5.28.4', '6.28.0' ],
41 silly audit   '@firebase/auth-interop-types': [ '0.2.3' ],
41 silly audit   '@firebase/auth-types': [ '0.12.2' ],
41 silly audit   '@firebase/component': [ '0.6.9', '0.6.7' ],
41 silly audit   '@firebase/data-connect': [ '0.1.0' ],
41 silly audit   '@firebase/database': [ '1.0.8', '1.0.5' ],
41 silly audit   '@firebase/database-compat': [ '1.0.8', '1.0.5' ],
41 silly audit   '@firebase/database-types': [ '1.0.5', '1.0.3' ],
41 silly audit   '@firebase/firestore': [ '4.7.3', '4.6.3' ],
41 silly audit   '@firebase/firestore-compat': [ '0.3.38', '0.3.32' ],
41 silly audit   '@firebase/firestore-types': [ '3.0.2' ],
41 silly audit   '@firebase/functions': [ '0.11.8', '0.11.5' ],
41 silly audit   '@firebase/functions-compat': [ '0.3.14', '0.3.11' ],
41 silly audit   '@firebase/functions-types': [ '0.6.2' ],
41 silly audit   '@firebase/installations': [ '0.6.9', '0.6.7' ],
41 silly audit   '@firebase/installations-compat': [ '0.2.9', '0.2.7' ],
41 silly audit   '@firebase/installations-types': [ '0.5.2' ],
41 silly audit   '@firebase/logger': [ '0.4.2' ],
41 silly audit   '@firebase/messaging': [ '0.12.12', '0.12.9' ],
41 silly audit   '@firebase/messaging-compat': [ '0.2.12', '0.2.9' ],
41 silly audit   '@firebase/messaging-interop-types': [ '0.2.2' ],
41 silly audit   '@firebase/performance': [ '0.6.9', '0.6.7' ],
41 silly audit   '@firebase/performance-compat': [ '0.2.9', '0.2.7' ],
41 silly audit   '@firebase/performance-types': [ '0.2.2' ],
41 silly audit   '@firebase/remote-config': [ '0.4.9', '0.4.7' ],
41 silly audit   '@firebase/remote-config-compat': [ '0.2.9', '0.2.7' ],
41 silly audit   '@firebase/remote-config-types': [ '0.3.2' ],
41 silly audit   '@firebase/storage': [ '0.13.2', '0.12.5' ],
41 silly audit   '@firebase/storage-compat': [ '0.3.12', '0.3.8' ],
41 silly audit   '@firebase/storage-types': [ '0.8.2' ],
41 silly audit   '@firebase/util': [ '1.10.0', '1.9.6' ],
41 silly audit   '@firebase/vertexai-preview': [ '0.0.4', '0.0.2' ],
41 silly audit   '@firebase/webchannel-wrapper': [ '1.0.1', '1.0.0' ],
41 silly audit   '@graphql-typed-document-node/core': [ '3.2.0' ],
41 silly audit   '@grpc/grpc-js': [ '1.9.16' ],
41 silly audit   '@grpc/proto-loader': [ '0.7.15' ],
41 silly audit   '@hapi/hoek': [ '9.3.0' ],
41 silly audit   '@hapi/topo': [ '5.1.0' ],
41 silly audit   '@isaacs/cliui': [ '8.0.2' ],
41 silly audit   'ansi-regex': [ '6.2.2', '4.1.1', '5.0.1' ],
41 silly audit   'emoji-regex': [ '9.2.2', '8.0.0' ],
41 silly audit   'string-width': [ '5.1.2', '4.2.3' ],
41 silly audit   'strip-ansi': [ '7.2.0', '6.0.1', '5.2.0' ],
41 silly audit   'wrap-ansi': [ '8.1.0', '6.2.0', '7.0.0' ],
41 silly audit   '@isaacs/ttlcache': [ '1.4.1' ],
41 silly audit   '@istanbuljs/load-nyc-config': [ '1.1.0' ],
41 silly audit   'find-up': [ '4.1.0', '3.0.0', '5.0.0' ],
41 silly audit   'locate-path': [ '5.0.0', '3.0.0', '6.0.0' ],
41 silly audit   'p-limit': [ '2.3.0', '3.1.0' ],
41 silly audit   'p-locate': [ '4.1.0', '3.0.0', '5.0.0' ],
41 silly audit   '@istanbuljs/schema': [ '0.1.6' ],
41 silly audit   '@jest/console': [ '29.7.0' ],
41 silly audit   '@jest/core': [ '29.7.0' ],
41 silly audit   '@jest/create-cache-key-function': [ '29.7.0' ],
41 silly audit   '@jest/environment': [ '29.7.0' ],
41 silly audit   '@jest/expect': [ '29.7.0' ],
41 silly audit   '@jest/expect-utils': [ '29.7.0' ],
41 silly audit   '@jest/fake-timers': [ '29.7.0' ],
41 silly audit   '@jest/globals': [ '29.7.0' ],
41 silly audit   '@jest/reporters': [ '29.7.0' ],
41 silly audit   '@jest/schemas': [ '29.6.3' ],
41 silly audit   '@jest/source-map': [ '29.6.3' ],
41 silly audit   '@jest/test-result': [ '29.7.0' ],
41 silly audit   '@jest/test-sequencer': [ '29.7.0' ],
41 silly audit   '@jest/transform': [ '29.7.0' ],
41 silly audit   'write-file-atomic': [ '4.0.2', '2.4.3' ],
41 silly audit   '@jest/types': [ '29.6.3', '26.6.2', '24.9.0' ],
41 silly audit   '@jridgewell/gen-mapping': [ '0.3.13' ],
41 silly audit   '@jridgewell/remapping': [ '2.3.5' ],
41 silly audit   '@jridgewell/resolve-uri': [ '3.1.2' ],
41 silly audit   '@jridgewell/source-map': [ '0.3.11' ],
41 silly audit   '@jridgewell/sourcemap-codec': [ '1.5.5' ],
41 silly audit   '@jridgewell/trace-mapping': [ '0.3.31' ],
41 silly audit   '@nodelib/fs.scandir': [ '2.1.5' ],
41 silly audit   '@nodelib/fs.stat': [ '2.0.5' ],
41 silly audit   '@nodelib/fs.walk': [ '1.2.8' ],
41 silly audit   '@npmcli/fs': [ '3.1.1' ],
41 silly audit   '@pkgjs/parseargs': [ '0.11.0' ],
41 silly audit   '@protobufjs/aspromise': [ '1.1.2' ],
41 silly audit   '@protobufjs/base64': [ '1.1.2' ],
41 silly audit   '@protobufjs/codegen': [ '2.0.5' ],
41 silly audit   '@protobufjs/eventemitter': [ '1.1.1' ],
41 silly audit   '@protobufjs/fetch': [ '1.1.1' ],
41 silly audit   '@protobufjs/float': [ '1.0.2' ],
41 silly audit   '@protobufjs/path': [ '1.1.2' ],
41 silly audit   '@protobufjs/pool': [ '1.1.0' ],
41 silly audit   '@protobufjs/utf8': [ '1.1.2' ],
41 silly audit   '@radix-ui/react-compose-refs': [ '1.0.0' ],
41 silly audit   '@radix-ui/react-slot': [ '1.0.1' ],
41 silly audit   '@react-native-async-storage/async-storage': [ '1.23.1' ],
41 silly audit   '@react-native-community/cli': [ '13.6.8' ],
41 silly audit   '@react-native-community/cli-clean': [ '13.6.8' ],
41 silly audit   execa: [ '5.1.1', '1.0.0' ],
41 silly audit   'get-stream': [ '6.0.1', '4.1.0' ],
41 silly audit   'is-stream': [ '2.0.1', '1.1.0' ],
41 silly audit   'mimic-fn': [ '2.1.0', '1.2.0' ],
41 silly audit   'npm-run-path': [ '4.0.1', '2.0.2' ],
41 silly audit   onetime: [ '5.1.2', '2.0.1' ],
41 silly audit   '@react-native-community/cli-config': [ '13.6.8' ],
41 silly audit   '@react-native-community/cli-debugger-ui': [ '13.6.8' ],
41 silly audit   '@react-native-community/cli-doctor': [ '13.6.8' ],
41 silly audit   'cli-cursor': [ '3.1.0', '2.1.0' ],
41 silly audit   'log-symbols': [ '4.1.0', '2.2.0' ],
41 silly audit   ora: [ '5.4.1', '3.4.0' ],
41 silly audit   'restore-cursor': [ '3.1.0', '2.0.0' ],
41 silly audit   '@react-native-community/cli-hermes': [ '13.6.8' ],
41 silly audit   '@react-native-community/cli-platform-android': [ '13.6.8' ],
41 silly audit   '@react-native-community/cli-platform-apple': [ '13.6.8' ],
41 silly audit   '@react-native-community/cli-platform-ios': [ '13.6.8' ],
41 silly audit   '@react-native-community/cli-server-api': [ '13.6.8' ],
41 silly audit   '@types/yargs': [ '15.0.20', '17.0.35', '13.0.12' ],
41 silly audit   'pretty-format': [ '26.6.2', '24.9.0', '29.7.0' ],
41 silly audit   'react-is': [ '17.0.2', '18.3.1', '16.13.1' ],
41 silly audit   ws: [ '6.2.6', '7.5.13', '8.21.3' ],
41 silly audit   '@react-native-community/cli-tools': [ '13.6.8' ],
41 silly audit   'is-wsl': [ '1.1.0', '2.2.0' ],
41 silly audit   open: [ '6.4.0', '7.4.2', '8.4.2' ],
41 silly audit   '@react-native-community/cli-types': [ '13.6.8' ],
41 silly audit   commander: [ '9.5.0', '7.2.0', '4.1.1', '2.20.3' ],
41 silly audit   '@react-native-community/netinfo': [ '11.3.1' ],
41 silly audit   '@react-native-firebase/app': [ '20.5.0' ],
41 silly audit   firebase: [ '10.12.2', '10.14.1' ],
41 silly audit   '@react-native-firebase/database': [ '20.5.0' ],
41 silly audit   '@react-native-masked-view/masked-view': [ '0.3.1' ],
41 silly audit   '@react-native/assets-registry': [ '0.74.84' ],
41 silly audit   '@react-native/babel-plugin-codegen': [ '0.74.87', '0.74.84' ],
41 silly audit   '@react-native/babel-preset': [ '0.74.87', '0.74.84' ],
41 silly audit   '@react-native/codegen': [ '0.74.87', '0.74.84' ],
41 silly audit   mkdirp: [ '0.5.6', '1.0.4' ],
41 silly audit   '@react-native/community-cli-plugin': [ '0.74.84' ],
41 silly audit   '@react-native/debugger-frontend': [ '0.74.84', '0.74.85' ],
41 silly audit   '@react-native/dev-middleware': [ '0.74.84', '0.74.85' ],
41 silly audit   ms: [ '2.0.0', '2.1.3' ],
41 silly audit   '@react-native/gradle-plugin': [ '0.74.84' ],
41 silly audit   '@react-native/js-polyfills': [ '0.74.84' ],
41 silly audit   '@react-native/metro-babel-transformer': [ '0.74.84' ],
41 silly audit   '@react-native/normalize-colors': [ '0.74.85', '0.74.84' ],
41 silly audit   '@react-navigation/bottom-tabs': [ '6.5.20' ],
41 silly audit   '@react-navigation/core': [ '6.4.17' ],
41 silly audit   '@react-navigation/elements': [ '1.3.31' ],
41 silly audit   '@react-navigation/native': [ '6.1.18' ],
41 silly audit   '@react-navigation/native-stack': [ '6.9.26' ],
41 silly audit   '@react-navigation/routers': [ '6.1.9' ],
41 silly audit   '@react-navigation/stack': [ '6.4.1' ],
41 silly audit   '@remix-run/node': [ '2.17.5' ],
41 silly audit   '@remix-run/router': [ '1.23.3' ],
41 silly audit   '@remix-run/server-runtime': [ '2.17.5' ],
41 silly audit   '@remix-run/web-blob': [ '3.1.0' ],
41 silly audit   '@remix-run/web-fetch': [ '4.4.2' ],
41 silly audit   '@remix-run/web-file': [ '3.1.0' ],
41 silly audit   '@remix-run/web-form-data': [ '3.1.0' ],
41 silly audit   '@remix-run/web-stream': [ '1.1.0' ],
41 silly audit   '@rnx-kit/chromium-edge-launcher': [ '1.0.0' ],
41 silly audit   '@segment/loosely-validate-event': [ '2.0.0' ],
41 silly audit   '@sideway/address': [ '4.1.5' ],
41 silly audit   '@sideway/formula': [ '3.0.1' ],
41 silly audit   '@sideway/pinpoint': [ '2.0.0' ],
41 silly audit   '@sinclair/typebox': [ '0.27.12' ],
41 silly audit   '@sinonjs/commons': [ '3.0.1' ],
41 silly audit   '@sinonjs/fake-timers': [ '10.3.0' ],
41 silly audit   '@tootallnate/once': [ '2.0.1' ],
41 silly audit   '@types/babel__core': [ '7.20.5' ],
41 silly audit   '@types/babel__generator': [ '7.27.0' ],
41 silly audit   '@types/babel__template': [ '7.4.4' ],
41 silly audit   '@types/babel__traverse': [ '7.28.0' ],
41 silly audit   '@types/cookie': [ '0.6.0' ],
41 silly audit   '@types/graceful-fs': [ '4.1.9' ],
41 silly audit   '@types/hammerjs': [ '2.0.46' ],
41 silly audit   '@types/istanbul-lib-coverage': [ '2.0.6' ],
41 silly audit   '@types/istanbul-lib-report': [ '3.0.3' ],
41 silly audit   '@types/istanbul-reports': [ '3.0.4', '1.1.2' ],
41 silly audit   '@types/jest': [ '29.5.14' ],
41 silly audit   '@types/jsdom': [ '20.0.1' ],
41 silly audit   '@types/json-schema': [ '7.0.15' ],
41 silly audit   '@types/node': [ '18.19.130' ],
41 silly audit   '@types/node-forge': [ '1.3.14' ],
41 silly audit   '@types/prop-types': [ '15.7.15' ],
41 silly audit   '@types/react': [ '18.2.79' ],
41 silly audit   '@types/react-test-renderer': [ '18.3.1' ],
41 silly audit   '@types/stack-utils': [ '2.0.3' ],
41 silly audit   '@types/tough-cookie': [ '4.0.5' ],
41 silly audit   '@types/yargs-parser': [ '21.0.3' ],
41 silly audit   '@urql/core': [ '2.3.6' ],
41 silly audit   '@urql/exchange-retry': [ '0.3.0' ],
41 silly audit   '@web3-storage/multipart-parser': [ '1.0.0' ],
41 silly audit   '@xmldom/xmldom': [ '0.7.13', '0.9.10' ],
41 silly audit   '@zxing/text-encoding': [ '0.9.0' ],
41 silly audit   abab: [ '2.0.6' ],
41 silly audit   'abort-controller': [ '3.0.0' ],
41 silly audit   accepts: [ '1.3.8' ],
41 silly audit   acorn: [ '8.18.0' ],
41 silly audit   'acorn-globals': [ '7.0.1' ],
41 silly audit   'acorn-walk': [ '8.3.5' ],
41 silly audit   'agent-base': [ '6.0.2' ],
41 silly audit   'aggregate-error': [ '3.1.0' ],
41 silly audit   ajv: [ '8.20.0', '8.11.0' ],
41 silly audit   'ajv-formats': [ '2.1.1' ],
41 silly audit   'ajv-keywords': [ '5.1.0' ],
41 silly audit   anser: [ '1.4.10' ],
41 silly audit   'ansi-escapes': [ '4.3.2', '6.2.1' ],
41 silly audit   'ansi-fragments': [ '0.2.1' ],
41 silly audit   'any-promise': [ '1.3.0' ],
41 silly audit   anymatch: [ '3.1.3' ],
41 silly audit   picomatch: [ '2.3.2', '3.0.2' ],
41 silly audit   appdirsjs: [ '1.2.8' ],
41 silly audit   arg: [ '5.0.2' ],
41 silly audit   'array-buffer-byte-length': [ '1.0.2' ],
41 silly audit   'array-union': [ '2.1.0' ],
41 silly audit   'arraybuffer.prototype.slice': [ '1.0.4' ],
41 silly audit   asap: [ '2.0.6' ],
41 silly audit   'ast-types': [ '0.15.2' ],
41 silly audit   'astral-regex': [ '1.0.0' ],
41 silly audit   'async-function': [ '1.0.0' ],
41 silly audit   'async-limiter': [ '1.0.1' ],
41 silly audit   asynckit: [ '0.4.0' ],
41 silly audit   'at-least-node': [ '1.0.0' ],
41 silly audit   'available-typed-arrays': [ '1.0.7' ],
41 silly audit   'babel-core': [ '7.0.0-bridge.0' ],
41 silly audit   'babel-jest': [ '29.7.0' ],
41 silly audit   'babel-plugin-istanbul': [ '6.1.1' ],
41 silly audit   'istanbul-lib-instrument': [ '5.2.1', '6.0.3' ],
41 silly audit   'babel-plugin-jest-hoist': [ '29.6.3' ],
41 silly audit   'babel-plugin-polyfill-corejs2': [ '0.4.17' ],
41 silly audit   'babel-plugin-polyfill-regenerator': [ '0.6.8' ],
41 silly audit   'babel-plugin-react-compiler': [ '0.0.0-experimental-592953e-20240517' ],
41 silly audit   jsesc: [ '2.5.2', '3.1.0' ],
41 silly audit   'source-map': [ '0.5.7', '0.6.1', '0.7.6', '0.5.6' ],
41 silly audit   'babel-plugin-react-native-web': [ '0.19.13' ],
41 silly audit   'babel-plugin-transform-flow-enums': [ '0.0.2' ],
41 silly audit   'babel-preset-current-node-syntax': [ '1.2.0' ],
41 silly audit   'babel-preset-expo': [ '11.0.15' ],
41 silly audit   'babel-preset-jest': [ '29.6.3' ],
41 silly audit   'balanced-match': [ '1.0.2' ],
41 silly audit   'base64-js': [ '1.5.1' ],
41 silly audit   'baseline-browser-mapping': [ '2.11.13' ],
41 silly audit   'better-opn': [ '3.0.2' ],
41 silly audit   'big-integer': [ '1.6.52' ],
41 silly audit   bl: [ '4.1.0' ],
41 silly audit   'readable-stream': [ '3.6.2', '2.3.8' ],
41 silly audit   'bplist-creator': [ '0.0.7', '0.1.0' ],
41 silly audit   'bplist-parser': [ '0.3.2', '0.3.1' ],
41 silly audit   'brace-expansion': [ '1.1.18', '2.1.4' ],
41 silly audit   braces: [ '3.0.3' ],
41 silly audit   browserslist: [ '4.28.8' ],
41 silly audit   bser: [ '2.1.1' ],
41 silly audit   buffer: [ '5.7.1' ],
41 silly audit   'buffer-alloc': [ '1.2.0' ],
41 silly audit   'buffer-alloc-unsafe': [ '1.1.0' ],
41 silly audit   'buffer-fill': [ '1.0.0' ],
41 silly audit   'buffer-from': [ '1.1.2' ],
41 silly audit   builtins: [ '1.0.3' ],
41 silly audit   bytes: [ '3.1.2' ],
41 silly audit   cacache: [ '18.0.4' ],
41 silly audit   minimatch: [ '9.0.9', '3.1.5' ],
41 silly audit   'call-bind': [ '1.0.9' ],
41 silly audit   'call-bind-apply-helpers': [ '1.0.2' ],
41 silly audit   'call-bound': [ '1.0.4' ],
41 silly audit   'caller-callsite': [ '2.0.0' ],
41 silly audit   callsites: [ '2.0.0', '3.1.0' ],
41 silly audit   'caller-path': [ '2.0.0' ],
41 silly audit   camelcase: [ '5.3.1', '6.3.0' ],
41 silly audit   'caniuse-lite': [ '1.0.30001809' ],
41 silly audit   'char-regex': [ '1.0.2', '2.0.2' ],
41 silly audit   charenc: [ '0.0.2' ],
41 silly audit   chownr: [ '2.0.0' ],
41 silly audit   'chrome-launcher': [ '0.15.2' ],
41 silly audit   'ci-info': [ '3.9.0', '2.0.0' ],
41 silly audit   'cjs-module-lexer': [ '1.4.3' ],
41 silly audit   'clean-stack': [ '2.2.0' ],
41 silly audit   'cli-spinners': [ '2.9.2' ],
41 silly audit   cliui: [ '8.0.1', '6.0.0' ],
41 silly audit   clone: [ '2.1.2', '1.0.4' ],
41 silly audit   'clone-deep': [ '4.0.1', '2.0.2' ],
41 silly audit   co: [ '4.6.0' ],
41 silly audit   'collect-v8-coverage': [ '1.0.3' ],
41 silly audit   color: [ '4.2.3', '3.2.1' ],
41 silly audit   'color-string': [ '1.9.1' ],
41 silly audit   colorette: [ '1.4.0' ],
41 silly audit   'combined-stream': [ '1.0.8' ],
41 silly audit   'command-exists': [ '1.2.9' ],
41 silly audit   commondir: [ '1.0.1' ],
41 silly audit   'component-type': [ '1.2.2' ],
41 silly audit   compressible: [ '2.0.18' ],
41 silly audit   compression: [ '1.8.1' ],
41 silly audit   negotiator: [ '0.6.4', '0.6.3' ],
41 silly audit   'concat-map': [ '0.0.1' ],
41 silly audit   connect: [ '3.7.0' ],
41 silly audit   'convert-source-map': [ '2.0.0' ],
41 silly audit   cookie: [ '0.7.2' ],
41 silly audit   'cookie-signature': [ '1.2.2' ],
41 silly audit   'core-js-compat': [ '3.50.0' ],
41 silly audit   'core-util-is': [ '1.0.3' ],
41 silly audit   cosmiconfig: [ '5.2.1' ],
41 silly audit   'parse-json': [ '4.0.0', '5.2.0' ],
41 silly audit   'create-jest': [ '29.7.0' ],
41 silly audit   'cross-fetch': [ '3.2.0' ],
41 silly audit   'cross-spawn': [ '7.0.6', '6.0.6' ],
41 silly audit   crypt: [ '0.0.2' ],
41 silly audit   'css-in-js-utils': [ '3.1.0' ],
41 silly audit   cssom: [ '0.5.0', '0.3.8' ],
41 silly audit   cssstyle: [ '2.3.0' ],
41 silly audit   csstype: [ '3.2.3' ],
41 silly audit   'dag-map': [ '1.0.2' ],
41 silly audit   'data-uri-to-buffer': [ '3.0.1' ],
41 silly audit   'data-urls': [ '3.0.2' ],
41 silly audit   'data-view-buffer': [ '1.0.2' ],
41 silly audit   'data-view-byte-length': [ '1.0.2' ],
41 silly audit   'data-view-byte-offset': [ '1.0.1' ],
41 silly audit   dayjs: [ '1.11.21' ],
41 silly audit   decamelize: [ '1.2.0' ],
41 silly audit   'decimal.js': [ '10.6.0' ],
41 silly audit   'decode-uri-component': [ '0.2.2' ],
41 silly audit   dedent: [ '1.7.2' ],
41 silly audit   'deep-extend': [ '0.6.0' ],
41 silly audit   'default-gateway': [ '4.2.0' ],
41 silly audit   defaults: [ '1.0.4' ],
41 silly audit   'define-data-property': [ '1.1.4' ],
41 silly audit   'define-lazy-prop': [ '2.0.0' ],
41 silly audit   'define-properties': [ '1.2.1' ],
41 silly audit   del: [ '6.1.1' ],
41 silly audit   'delayed-stream': [ '1.0.0' ],
41 silly audit   denodeify: [ '1.2.1' ],
41 silly audit   depd: [ '2.0.0' ],
41 silly audit   destroy: [ '1.2.0' ],
41 silly audit   'detect-libc': [ '1.0.3' ],
41 silly audit   'detect-newline': [ '3.1.0' ],
41 silly audit   'diff-sequences': [ '29.6.3' ],
41 silly audit   'dir-glob': [ '3.0.1' ],
41 silly audit   domexception: [ '4.0.0' ],
41 silly audit   dotenv: [ '16.4.7' ],
41 silly audit   'dotenv-expand': [ '11.0.7' ],
41 silly audit   'dunder-proto': [ '1.0.1' ],
41 silly audit   eastasianwidth: [ '0.2.0' ],
41 silly audit   'ee-first': [ '1.1.1' ],
41 silly audit   'electron-to-chromium': [ '1.5.405' ],
41 silly audit   emittery: [ '0.13.1' ],
41 silly audit   encodeurl: [ '1.0.2', '2.0.0' ],
41 silly audit   'end-of-stream': [ '1.4.5' ],
41 silly audit   entities: [ '6.0.1' ],
41 silly audit   'env-editor': [ '0.4.2' ],
41 silly audit   envinfo: [ '7.21.0' ],
41 silly audit   'error-ex': [ '1.3.4' ],
41 silly audit   'error-stack-parser': [ '2.1.4' ],
41 silly audit   errorhandler: [ '1.5.2' ],
41 silly audit   'es-abstract': [ '1.24.2' ],
41 silly audit   'es-abstract-get': [ '1.0.0' ],
41 silly audit   'es-define-property': [ '1.0.1' ],
41 silly audit   'es-errors': [ '1.3.0' ],
41 silly audit   'es-object-atoms': [ '1.1.2' ],
41 silly audit   'es-set-tostringtag': [ '2.1.0' ],
41 silly audit   'es-to-primitive': [ '1.3.4' ],
41 silly audit   escalade: [ '3.2.0' ],
41 silly audit   'escape-html': [ '1.0.3' ],
41 silly audit   escodegen: [ '2.1.0' ],
41 silly audit   esprima: [ '4.0.1' ],
41 silly audit   estraverse: [ '5.3.0' ],
41 silly audit   esutils: [ '2.0.3' ],
41 silly audit   etag: [ '1.8.1' ],
41 silly audit   'event-target-shim': [ '5.0.1' ],
41 silly audit   'path-key': [ '2.0.1', '3.1.1' ],
41 silly audit   'shebang-command': [ '1.2.0', '2.0.0' ],
41 silly audit   'shebang-regex': [ '1.0.0', '3.0.0' ],
41 silly audit   which: [ '1.3.1', '2.0.2' ],
41 silly audit   exit: [ '0.1.2' ],
41 silly audit   expect: [ '29.7.0' ],
41 silly audit   expo: [ '51.0.39' ],
41 silly audit   'expo-asset': [ '10.0.10' ],
41 silly audit   'expo-constants': [ '16.0.2' ],
41 silly audit   'expo-dev-client': [ '4.0.29' ],
41 silly audit   'expo-dev-launcher': [ '4.0.29' ],
41 silly audit   'expo-dev-menu': [ '5.0.23' ],
41 silly audit   'expo-dev-menu-interface': [ '1.8.4' ],
41 silly audit   'expo-file-system': [ '17.0.1' ],
41 silly audit   'expo-font': [ '12.0.10' ],
41 silly audit   'expo-json-utils': [ '0.13.1' ],
41 silly audit   'expo-keep-awake': [ '13.0.2' ],
41 silly audit   'expo-linking': [ '6.3.1' ],
41 silly audit   'expo-manifests': [ '0.14.3' ],
41 silly audit   'expo-modules-autolinking': [ '1.11.3' ],
41 silly audit   'expo-modules-core': [ '1.12.26' ],
41 silly audit   'expo-router': [ '3.5.24' ],
41 silly audit   'expo-splash-screen': [ '0.27.7' ],
41 silly audit   'expo-status-bar': [ '1.12.1' ],
41 silly audit   'expo-system-ui': [ '3.0.7' ],
41 silly audit   'expo-updates-interface': [ '0.16.2' ],
41 silly audit   'expo-web-browser': [ '13.0.3' ],
41 silly audit   'exponential-backoff': [ '3.1.3' ],
41 silly audit   'fast-deep-equal': [ '3.1.3' ],
41 silly audit   'fast-glob': [ '3.3.3' ],
41 silly audit   'fast-json-stable-stringify': [ '2.1.0' ],
41 silly audit   'fast-loops': [ '1.1.4' ],
41 silly audit   'fast-uri': [ '3.1.5' ],
41 silly audit   'fast-xml-parser': [ '4.5.7' ],
41 silly audit   fastq: [ '1.20.1' ],
41 silly audit   'faye-websocket': [ '0.11.4' ],
41 silly audit   'fb-watchman': [ '2.0.2' ],
41 silly audit   fbemitter: [ '3.0.0' ],
41 silly audit   fbjs: [ '3.0.5' ],
41 silly audit   'fbjs-css-vars': [ '1.0.2' ],
41 silly audit   'fetch-retry': [ '4.1.1' ],
41 silly audit   'fill-range': [ '7.1.1' ],
41 silly audit   'filter-obj': [ '1.1.0' ],
41 silly audit   finalhandler: [ '1.1.2' ],
41 silly audit   'find-cache-dir': [ '2.1.0' ],
41 silly audit   'path-exists': [ '3.0.0', '4.0.0' ],
41 silly audit   'pkg-dir': [ '3.0.0', '4.2.0' ],
41 silly audit   'find-yarn-workspace-root': [ '2.0.0' ],
41 silly audit   'flow-enums-runtime': [ '0.0.6' ],
41 silly audit   'flow-estree': [ '0.326.0' ],
41 silly audit   'flow-parser': [ '0.326.0' ],
41 silly audit   fontfaceobserver: [ '2.3.0' ],
41 silly audit   'for-each': [ '0.3.5' ],
41 silly audit   'for-in': [ '1.0.2', '0.1.8' ],
41 silly audit   'for-own': [ '1.0.0' ],
41 silly audit   'foreground-child': [ '3.3.1' ],
41 silly audit   'signal-exit': [ '4.1.0', '3.0.7' ],
41 silly audit   'form-data': [ '3.0.5', '4.0.6' ],
41 silly audit   'freeport-async': [ '2.0.0' ],
41 silly audit   fresh: [ '0.5.2' ],
41 silly audit   'fs-minipass': [ '3.0.3', '2.1.0' ],
41 silly audit   'fs.realpath': [ '1.0.0' ],
41 silly audit   fsevents: [ '2.3.3' ],
41 silly audit   'function-bind': [ '1.1.2' ],
41 silly audit   'function.prototype.name': [ '1.2.0' ],
41 silly audit   'functions-have-names': [ '1.2.3' ],
41 silly audit   'generator-function': [ '2.0.1' ],
41 silly audit   gensync: [ '1.0.0-beta.2' ],
41 silly audit   'get-caller-file': [ '2.0.5' ],
41 silly audit   'get-intrinsic': [ '1.3.0' ],
41 silly audit   'get-package-type': [ '0.1.0' ],
41 silly audit   'get-proto': [ '1.0.1' ],
41 silly audit   'get-symbol-description': [ '1.1.0' ],
41 silly audit   getenv: [ '1.0.0' ],
41 silly audit   'glob-parent': [ '5.1.2' ],
41 silly audit   globalthis: [ '1.0.4' ],
41 silly audit   globby: [ '11.1.0' ],
41 silly audit   gopd: [ '1.2.0' ],
41 silly audit   'graceful-fs': [ '4.2.11' ],
41 silly audit   graphql: [ '15.8.0' ],
41 silly audit   'graphql-tag': [ '2.12.7' ],
41 silly audit   'has-bigints': [ '1.1.0' ],
41 silly audit   'has-property-descriptors': [ '1.0.2' ],
41 silly audit   'has-proto': [ '1.2.0' ],
41 silly audit   'has-symbols': [ '1.1.0' ],
41 silly audit   'has-tostringtag': [ '1.0.2' ],
41 silly audit   hasown: [ '2.0.4' ],
41 silly audit   'hermes-estree': [ '0.19.1', '0.23.1' ],
41 silly audit   'hermes-parser': [ '0.19.1', '0.23.1' ],
41 silly audit   'hermes-profile-transformer': [ '0.0.6' ],
41 silly audit   'hoist-non-react-statics': [ '3.3.2' ],
41 silly audit   yallist: [ '4.0.0', '3.1.1' ],
41 silly audit   'html-encoding-sniffer': [ '3.0.0' ],
41 silly audit   'html-escaper': [ '2.0.2' ],
41 silly audit   'http-errors': [ '2.0.0', '2.0.1' ],
41 silly audit   statuses: [ '2.0.1', '2.0.2', '1.5.0' ],
41 silly audit   'http-parser-js': [ '0.5.10' ],
41 silly audit   'http-proxy-agent': [ '5.0.0' ],
41 silly audit   'https-proxy-agent': [ '5.0.1' ],
41 silly audit   'human-signals': [ '2.1.0' ],
41 silly audit   'hyphenate-style-name': [ '1.1.0' ],
41 silly audit   'iconv-lite': [ '0.6.3' ],
41 silly audit   idb: [ '7.1.1' ],
41 silly audit   ieee754: [ '1.2.1' ],
41 silly audit   ignore: [ '5.3.2' ],
41 silly audit   'image-size': [ '1.2.1' ],
41 silly audit   'import-fresh': [ '2.0.0' ],
41 silly audit   'resolve-from': [ '3.0.0', '5.0.0' ],
41 silly audit   'import-local': [ '3.2.0' ],
41 silly audit   imurmurhash: [ '0.1.4' ],
41 silly audit   'indent-string': [ '4.0.0' ],
41 silly audit   inflight: [ '1.0.6' ],
41 silly audit   inherits: [ '2.0.4' ],
41 silly audit   ini: [ '1.3.8' ],
41 silly audit   'inline-style-prefixer': [ '6.0.4' ],
41 silly audit   'internal-ip': [ '4.3.0' ],
41 silly audit   'internal-slot': [ '1.1.0' ],
41 silly audit   invariant: [ '2.2.4' ],
41 silly audit   'ip-regex': [ '2.1.0' ],
41 silly audit   'ipaddr.js': [ '1.9.1' ],
41 silly audit   'is-arguments': [ '1.2.0' ],
41 silly audit   'is-array-buffer': [ '3.0.5' ],
41 silly audit   'is-arrayish': [ '0.2.1', '0.3.4' ],
41 silly audit   'is-async-function': [ '2.1.1' ],
41 silly audit   'is-bigint': [ '1.1.0' ],
41 silly audit   'is-boolean-object': [ '1.2.2' ],
41 silly audit   'is-buffer': [ '1.1.6' ],
41 silly audit   'is-callable': [ '1.2.7' ],
41 silly audit   'is-core-module': [ '2.16.2' ],
41 silly audit   'is-data-view': [ '1.0.2' ],
41 silly audit   'is-date-object': [ '1.1.0' ],
41 silly audit   'is-directory': [ '0.3.1' ],
41 silly audit   'is-docker': [ '2.2.1' ],
41 silly audit   'is-document.all': [ '1.0.0' ],
41 silly audit   'is-extendable': [ '0.1.1' ],
41 silly audit   'is-extglob': [ '2.1.1', '1.0.0' ],
41 silly audit   'is-finalizationregistry': [ '1.1.1' ],
41 silly audit   'is-fullwidth-code-point': [ '2.0.0', '3.0.0' ],
41 silly audit   'is-generator-fn': [ '2.1.0' ],
41 silly audit   'is-generator-function': [ '1.1.2' ],
41 silly audit   'is-glob': [ '4.0.3', '2.0.1' ],
41 silly audit   'is-interactive': [ '1.0.0' ],
41 silly audit   'is-invalid-path': [ '0.1.0' ],
41 silly audit   'is-map': [ '2.0.3' ],
41 silly audit   'is-negative-zero': [ '2.0.3' ],
41 silly audit   'is-number': [ '7.0.0' ],
41 silly audit   'is-number-object': [ '1.1.1' ],
41 silly audit   'is-path-cwd': [ '2.2.0' ],
41 silly audit   'is-path-inside': [ '3.0.3' ],
41 silly audit   'is-plain-obj': [ '2.1.0' ],
41 silly audit   'is-plain-object': [ '2.0.4' ],
41 silly audit   'is-potential-custom-element-name': [ '1.0.1' ],
41 silly audit   'is-regex': [ '1.2.1' ],
41 silly audit   'is-set': [ '2.0.3' ],
41 silly audit   'is-shared-array-buffer': [ '1.0.4' ],
41 silly audit   'is-string': [ '1.1.1' ],
41 silly audit   'is-symbol': [ '1.1.1' ],
41 silly audit   'is-typed-array': [ '1.1.15' ],
41 silly audit   'is-unicode-supported': [ '0.1.0' ],
41 silly audit   'is-valid-path': [ '0.1.1' ],
41 silly audit   'is-weakmap': [ '2.0.2' ],
41 silly audit   'is-weakref': [ '1.1.1' ],
41 silly audit   'is-weakset': [ '2.0.4' ],
41 silly audit   isarray: [ '1.0.0', '2.0.5' ],
41 silly audit   isexe: [ '2.0.0' ],
41 silly audit   isobject: [ '3.0.1' ],
41 silly audit   'istanbul-lib-coverage': [ '3.2.2' ],
41 silly audit   'istanbul-lib-report': [ '3.0.1' ],
41 silly audit   'istanbul-lib-source-maps': [ '4.0.1' ],
41 silly audit   'istanbul-reports': [ '3.2.0' ],
41 silly audit   jackspeak: [ '3.4.3' ],
41 silly audit   jest: [ '29.7.0' ],
41 silly audit   'jest-changed-files': [ '29.7.0' ],
41 silly audit   'jest-circus': [ '29.7.0' ],
41 silly audit   'jest-cli': [ '29.7.0' ],
41 silly audit   'jest-config': [ '29.7.0' ],
41 silly audit   'jest-diff': [ '29.7.0' ],
41 silly audit   'jest-docblock': [ '29.7.0' ],
41 silly audit   'jest-each': [ '29.7.0' ],
41 silly audit   'jest-environment-jsdom': [ '29.7.0' ],
41 silly audit   'jest-environment-node': [ '29.7.0' ],
41 silly audit   'jest-expo': [ '51.0.4' ],
41 silly audit   'jest-get-type': [ '29.6.3' ],
41 silly audit   'jest-haste-map': [ '29.7.0' ],
41 silly audit   'jest-leak-detector': [ '29.7.0' ],
41 silly audit   'jest-matcher-utils': [ '29.7.0' ],
41 silly audit   'jest-message-util': [ '29.7.0' ],
41 silly audit   'jest-mock': [ '29.7.0' ],
41 silly audit   'jest-pnp-resolver': [ '1.2.3' ],
41 silly audit   'jest-regex-util': [ '29.6.3' ],
41 silly audit   'jest-resolve': [ '29.7.0' ],
41 silly audit   'jest-resolve-dependencies': [ '29.7.0' ],
41 silly audit   'jest-runner': [ '29.7.0' ],
41 silly audit   'source-map-support': [ '0.5.13', '0.5.21' ],
41 silly audit   'jest-runtime': [ '29.7.0' ],
41 silly audit   'jest-snapshot': [ '29.7.0' ],
41 silly audit   'jest-util': [ '29.7.0' ],
41 silly audit   'jest-validate': [ '29.7.0' ],
41 silly audit   'jest-watch-select-projects': [ '2.0.0' ],
41 silly audit   'jest-watch-typeahead': [ '2.2.1' ],
41 silly audit   slash: [ '5.1.0', '3.0.0' ],
41 silly audit   'string-length': [ '5.0.1', '4.0.2' ],
41 silly audit   'jest-watcher': [ '29.7.0' ],
41 silly audit   'jest-worker': [ '29.7.0' ],
41 silly audit   'jimp-compact': [ '0.16.1' ],
41 silly audit   joi: [ '17.13.4' ],
41 silly audit   'join-component': [ '1.1.0' ],
41 silly audit   'js-tokens': [ '4.0.0' ],
41 silly audit   'jsc-android': [ '250231.0.0' ],
41 silly audit   'jsc-safe-url': [ '0.2.4' ],
41 silly audit   jscodeshift: [ '0.14.0' ],
41 silly audit   jsdom: [ '20.0.3' ],
41 silly audit   'json-parse-better-errors': [ '1.0.2' ],
41 silly audit   'json-parse-even-better-errors': [ '2.3.1' ],
41 silly audit   'json-schema-deref-sync': [ '0.13.0' ],
41 silly audit   md5: [ '2.2.1', '2.3.0' ],
41 silly audit   'json-schema-traverse': [ '1.0.0' ],
41 silly audit   json5: [ '2.2.3' ],
41 silly audit   'kind-of': [ '6.0.3', '5.1.0' ],
41 silly audit   kleur: [ '3.0.3' ],
41 silly audit   leven: [ '3.1.0' ],
41 silly audit   'lighthouse-logger': [ '1.4.2' ],
41 silly audit   lightningcss: [ '1.19.0' ],
41 silly audit   'lightningcss-darwin-arm64': [ '1.19.0' ],
41 silly audit   'lightningcss-darwin-x64': [ '1.19.0' ],
41 silly audit   'lightningcss-linux-arm-gnueabihf': [ '1.19.0' ],
41 silly audit   'lightningcss-linux-arm64-gnu': [ '1.19.0' ],
41 silly audit   'lightningcss-linux-arm64-musl': [ '1.19.0' ],
41 silly audit   'lightningcss-linux-x64-gnu': [ '1.19.0' ],
41 silly audit   'lightningcss-linux-x64-musl': [ '1.19.0' ],
41 silly audit   'lightningcss-win32-x64-msvc': [ '1.19.0' ],
41 silly audit   'lines-and-columns': [ '1.2.4' ],
41 silly audit   lodash: [ '4.18.1' ],
41 silly audit   'lodash.camelcase': [ '4.3.0' ],
41 silly audit   'lodash.debounce': [ '4.0.8' ],
41 silly audit   'lodash.throttle': [ '4.1.1' ],
41 silly audit   logkitty: [ '0.7.1' ],
41 silly audit   y18n: [ '4.0.3', '5.0.8' ],
41 silly audit   yargs: [ '15.4.1', '17.7.3' ],
41 silly audit   'yargs-parser': [ '18.1.3', '21.1.1' ],
41 silly audit   long: [ '5.3.2' ],
41 silly audit   'loose-envify': [ '1.4.0' ],
41 silly audit   makeerror: [ '1.0.12' ],
41 silly audit   marky: [ '1.3.0' ],
41 silly audit   'math-intrinsics': [ '1.1.0' ],
41 silly audit   'md5-file': [ '3.2.3' ],
41 silly audit   md5hex: [ '1.0.0' ],
41 silly audit   'memoize-one': [ '5.2.1', '6.0.0' ],
41 silly audit   'memory-cache': [ '0.2.0' ],
41 silly audit   'merge-options': [ '3.0.4' ],
41 silly audit   'merge-stream': [ '2.0.0' ],
41 silly audit   merge2: [ '1.4.1' ],
41 silly audit   metro: [ '0.80.12' ],
41 silly audit   'metro-babel-transformer': [ '0.80.12' ],
41 silly audit   'metro-cache': [ '0.80.12' ],
41 silly audit   'metro-cache-key': [ '0.80.12' ],
41 silly audit   'metro-config': [ '0.80.12' ],
41 silly audit   'metro-core': [ '0.80.12' ],
41 silly audit   'metro-file-map': [ '0.80.12' ],
41 silly audit   'metro-minify-terser': [ '0.80.12' ],
41 silly audit   'metro-resolver': [ '0.80.12' ],
41 silly audit   'metro-runtime': [ '0.80.12' ],
41 silly audit   'metro-source-map': [ '0.80.12' ],
41 silly audit   'metro-symbolicate': [ '0.80.12' ],
41 silly audit   'metro-transform-plugins': [ '0.80.12' ],
41 silly audit   'metro-transform-worker': [ '0.80.12' ],
41 silly audit   micromatch: [ '4.0.8' ],
41 silly audit   mime: [ '2.6.0', '1.6.0' ],
41 silly audit   'mime-db': [ '1.52.0' ],
41 silly audit   'mime-types': [ '2.1.35' ],
41 silly audit   minimist: [ '1.2.8' ],
41 silly audit   minipass: [ '7.1.3', '3.3.6', '5.0.0' ],
41 silly audit   'minipass-collect': [ '2.0.1' ],
41 silly audit   'minipass-flush': [ '1.0.7' ],
41 silly audit   'minipass-pipeline': [ '1.2.4' ],
41 silly audit   minizlib: [ '2.1.2' ],
41 silly audit   'mixin-object': [ '2.0.1' ],
41 silly audit   mrmime: [ '1.0.1' ],
41 silly audit   mz: [ '2.7.0' ],
41 silly audit   nanoid: [ '3.3.18' ],
41 silly audit   'natural-compare': [ '1.4.0' ],
41 silly audit   'neo-async': [ '2.6.2' ],
41 silly audit   'nested-error-stacks': [ '2.0.1' ],
41 silly audit   'nice-try': [ '1.0.5' ],
41 silly audit   nocache: [ '3.0.4' ],
41 silly audit   'node-abort-controller': [ '3.1.1' ],
41 silly audit   'node-dir': [ '0.1.17' ],
41 silly audit   'node-fetch': [ '2.7.0' ],
41 silly audit   tr46: [ '0.0.3', '3.0.0' ],
41 silly audit   'webidl-conversions': [ '3.0.1', '7.0.0', '5.0.0' ],
41 silly audit   'whatwg-url': [ '5.0.0', '11.0.0' ],
41 silly audit   'node-forge': [ '1.4.0' ],
41 silly audit   'node-int64': [ '0.4.0' ],
41 silly audit   'node-releases': [ '2.0.53' ],
41 silly audit   'node-stream-zip': [ '1.16.0' ],
41 silly audit   'normalize-path': [ '3.0.0' ],
41 silly audit   nullthrows: [ '1.1.1' ],
41 silly audit   nwsapi: [ '2.2.24' ],
41 silly audit   ob1: [ '0.80.12' ],
41 silly audit   'object-assign': [ '4.1.1' ],
41 silly audit   'object-inspect': [ '1.13.4' ],
41 silly audit   'object-keys': [ '1.1.1' ],
41 silly audit   'object.assign': [ '4.1.7' ],
41 silly audit   'on-finished': [ '2.3.0', '2.4.1' ],
41 silly audit   'on-headers': [ '1.1.0' ],
41 silly audit   once: [ '1.4.0' ],
41 silly audit   'os-homedir': [ '1.0.2' ],
41 silly audit   'os-tmpdir': [ '1.0.2' ],
41 silly audit   osenv: [ '0.1.5' ],
41 silly audit   'own-keys': [ '1.0.2' ],
41 silly audit   'p-finally': [ '1.0.0' ],
41 silly audit   'p-map': [ '4.0.0' ],
41 silly audit   'p-try': [ '2.2.0' ],
41 silly audit   'package-json-from-dist': [ '1.0.1' ],
41 silly audit   'parse-png': [ '2.1.0' ],
41 silly audit   parse5: [ '7.3.0' ],
41 silly audit   parseurl: [ '1.3.3' ],
41 silly audit   'path-is-absolute': [ '1.0.1' ],
41 silly audit   'path-parse': [ '1.0.7' ],
41 silly audit   'path-scurry': [ '1.11.1' ],
41 silly audit   'path-type': [ '4.0.0' ],
41 silly audit   picocolors: [ '1.1.1' ],
41 silly audit   pify: [ '4.0.1' ],
41 silly audit   pirates: [ '4.0.7' ],
41 silly audit   plist: [ '3.1.1' ],
41 silly audit   xmlbuilder: [ '15.1.1', '11.0.1', '14.0.0' ],
41 silly audit   pngjs: [ '3.4.0' ],
41 silly audit   'possible-typed-array-names': [ '1.1.0' ],
41 silly audit   postcss: [ '8.4.49' ],
41 silly audit   'postcss-value-parser': [ '4.2.0' ],
41 silly audit   'pretty-bytes': [ '5.6.0' ],
41 silly audit   'proc-log': [ '4.2.0' ],
41 silly audit   'process-nextick-args': [ '2.0.1' ],
41 silly audit   progress: [ '2.0.3' ],
41 silly audit   promise: [ '7.3.1', '8.3.0' ],
41 silly audit   prompts: [ '2.4.2' ],
41 silly audit   'prop-types': [ '15.8.1' ],
41 silly audit   protobufjs: [ '7.6.5' ],
41 silly audit   psl: [ '1.15.0' ],
41 silly audit   pump: [ '3.0.4' ],
41 silly audit   punycode: [ '2.3.1' ],
41 silly audit   'pure-rand': [ '6.1.0' ],
41 silly audit   'qrcode-terminal': [ '0.11.0' ],
41 silly audit   'query-string': [ '7.1.3' ],
41 silly audit   querystring: [ '0.2.1' ],
41 silly audit   querystringify: [ '2.2.0' ],
41 silly audit   queue: [ '6.0.2' ],
41 silly audit   'queue-microtask': [ '1.2.3' ],
41 silly audit   'range-parser': [ '1.2.1' ],
41 silly audit   rc: [ '1.2.8' ],
41 silly audit   'strip-json-comments': [ '2.0.1', '3.1.1' ],
41 silly audit   react: [ '18.2.0' ],
41 silly audit   'react-devtools-core': [ '5.3.2' ],
41 silly audit   'react-dom': [ '18.2.0' ],
41 silly audit   'react-fast-compare': [ '3.2.2' ],
41 silly audit   'react-freeze': [ '1.0.4' ],
41 silly audit   'react-native': [ '0.74.2' ],
41 silly audit   'react-native-gesture-handler': [ '2.16.2' ],
41 silly audit   'react-native-helmet-async': [ '2.0.4' ],
41 silly audit   'react-native-paper': [ '5.15.3' ],
41 silly audit   'react-native-reanimated': [ '3.10.1' ],
41 silly audit   'react-native-safe-area-context': [ '4.10.1' ],
41 silly audit   'react-native-screens': [ '3.31.1' ],
41 silly audit   'react-native-web': [ '0.19.13' ],
41 silly audit   '@react-native/virtualized-lists': [ '0.74.84' ],
41 silly audit   scheduler: [ '0.24.0-canary-efb381bbf-20230505', '0.23.2' ],
41 silly audit   'react-refresh': [ '0.14.2' ],
41 silly audit   'react-shallow-renderer': [ '16.15.0' ],
41 silly audit   'react-test-renderer': [ '18.2.0' ],
41 silly audit   'safe-buffer': [ '5.1.2', '5.2.1' ],
41 silly audit   readline: [ '1.3.0' ],
41 silly audit   recast: [ '0.21.5' ],
41 silly audit   'reflect.getprototypeof': [ '1.0.10' ],
41 silly audit   regenerate: [ '1.4.2' ],
41 silly audit   'regenerate-unicode-properties': [ '10.2.2' ],
41 silly audit   'regenerator-runtime': [ '0.13.11' ],
41 silly audit   'regexp.prototype.flags': [ '1.5.4' ],
41 silly audit   'regexpu-core': [ '6.4.0' ],
41 silly audit   regjsgen: [ '0.8.0' ],
41 silly audit   regjsparser: [ '0.13.2' ],
41 silly audit   'remove-trailing-slash': [ '0.1.1' ],
41 silly audit   'require-directory': [ '2.1.1' ],
41 silly audit   'require-from-string': [ '2.0.2' ],
41 silly audit   'require-main-filename': [ '2.0.0' ],
41 silly audit   requireg: [ '0.2.2' ],
41 silly audit   resolve: [ '1.7.1', '1.22.12' ],
41 silly audit   'requires-port': [ '1.0.0' ],
41 silly audit   'resolve-cwd': [ '3.0.0' ],
41 silly audit   'resolve-workspace-root': [ '2.0.1' ],
41 silly audit   'resolve.exports': [ '2.0.3' ],
41 silly audit   reusify: [ '1.1.0' ],
41 silly audit   rimraf: [ '3.0.2', '2.6.3' ],
41 silly audit   'run-parallel': [ '1.2.0' ],
41 silly audit   'safe-array-concat': [ '1.1.4' ],
41 silly audit   'safe-push-apply': [ '1.0.0' ],
41 silly audit   'safe-regex-test': [ '1.1.0' ],
41 silly audit   'safer-buffer': [ '2.1.2' ],
41 silly audit   sax: [ '1.6.1' ],
41 silly audit   saxes: [ '6.0.0' ],
41 silly audit   'schema-utils': [ '4.3.3' ],
41 silly audit   selfsigned: [ '2.4.1' ],
41 silly audit   send: [ '0.18.0', '0.19.2' ],
41 silly audit   'serialize-error': [ '2.1.0' ],
41 silly audit   'serve-static': [ '1.16.3' ],
41 silly audit   'set-blocking': [ '2.0.0' ],
41 silly audit   'set-cookie-parser': [ '2.7.2' ],
41 silly audit   'set-function-length': [ '1.2.2' ],
41 silly audit   'set-function-name': [ '2.0.2' ],
41 silly audit   'set-proto': [ '1.0.0' ],
41 silly audit   setimmediate: [ '1.0.5' ],
41 silly audit   setprototypeof: [ '1.2.0' ],
41 silly audit   'shallow-clone': [ '3.0.1', '1.0.0' ],
41 silly audit   shallowequal: [ '1.1.0' ],
41 silly audit   'shell-quote': [ '1.10.0' ],
41 silly audit   'side-channel': [ '1.1.1' ],
41 silly audit   'side-channel-list': [ '1.0.1' ],
41 silly audit   'side-channel-map': [ '1.0.1' ],
41 silly audit   'side-channel-weakmap': [ '1.0.2' ],
41 silly audit   'simple-plist': [ '1.3.1' ],
41 silly audit   'simple-swizzle': [ '0.2.4' ],
41 silly audit   sisteransi: [ '1.0.5' ],
41 silly audit   'slice-ansi': [ '2.1.0' ],
41 silly audit   slugify: [ '1.6.9' ],
41 silly audit   'source-map-js': [ '1.2.1' ],
41 silly audit   'split-on-first': [ '1.1.0' ],
41 silly audit   'sprintf-js': [ '1.0.3' ],
41 silly audit   ssri: [ '10.0.6' ],
41 silly audit   'stack-generator': [ '2.0.10' ],
41 silly audit   'stack-utils': [ '2.0.6' ],
41 silly audit   stackframe: [ '1.3.4' ],
41 silly audit   'stacktrace-gps': [ '3.1.2' ],
41 silly audit   'stacktrace-js': [ '2.0.2' ],
41 silly audit   'stacktrace-parser': [ '0.1.11' ],
41 silly audit   'stop-iteration-iterator': [ '1.1.0' ],
41 silly audit   'stream-buffers': [ '2.2.0' ],
41 silly audit   'stream-slice': [ '0.1.2' ],
41 silly audit   'strict-uri-encode': [ '2.0.0' ],
41 silly audit   string_decoder: [ '1.1.1' ],
41 silly audit   'string.prototype.trim': [ '1.2.11' ],
41 silly audit   'string.prototype.trimend': [ '1.0.10' ],
41 silly audit   'string.prototype.trimstart': [ '1.0.8' ],
41 silly audit   'strip-bom': [ '4.0.0' ],
41 silly audit   'strip-eof': [ '1.0.0' ],
41 silly audit   'strip-final-newline': [ '2.0.0' ],
41 silly audit   strnum: [ '1.1.2' ],
41 silly audit   'structured-headers': [ '0.4.1' ],
41 silly audit   styleq: [ '0.1.3' ],
41 silly audit   sucrase: [ '3.34.0' ],
41 silly audit   'sudo-prompt': [ '9.2.1' ],
41 silly audit   superstruct: [ '0.6.2' ],
41 silly audit   'supports-hyperlinks': [ '2.3.0' ],
41 silly audit   'supports-preserve-symlinks-flag': [ '1.0.0' ],
41 silly audit   'symbol-tree': [ '3.2.4' ],
41 silly audit   tar: [ '6.2.1' ],
41 silly audit   temp: [ '0.8.4' ],
41 silly audit   'terminal-link': [ '2.1.1' ],
41 silly audit   terser: [ '5.50.0' ],
41 silly audit   'test-exclude': [ '6.0.0' ],
41 silly audit   'text-table': [ '0.2.0' ],
41 silly audit   thenify: [ '3.3.1' ],
41 silly audit   'thenify-all': [ '1.6.0' ],
41 silly audit   throat: [ '5.0.0' ],
41 silly audit   through2: [ '2.0.5' ],
41 silly audit   tmpl: [ '1.0.5' ],
41 silly audit   'to-regex-range': [ '5.0.1' ],
41 silly audit   toidentifier: [ '1.0.1' ],
41 silly audit   'tough-cookie': [ '4.1.4' ],
41 silly audit   traverse: [ '0.6.11' ],
41 silly audit   'trim-right': [ '1.0.1' ],
41 silly audit   'ts-interface-checker': [ '0.1.13' ],
41 silly audit   tslib: [ '2.8.1' ],
41 silly audit   'turbo-stream': [ '2.4.1' ],
41 silly audit   'type-detect': [ '4.0.8' ],
41 silly audit   'typed-array-buffer': [ '1.0.3' ],
41 silly audit   'typed-array-byte-length': [ '1.0.3' ],
41 silly audit   'typed-array-byte-offset': [ '1.0.4' ],
41 silly audit   'typed-array-length': [ '1.0.8' ],
41 silly audit   'typedarray.prototype.slice': [ '1.0.5' ],
41 silly audit   typescript: [ '5.3.3' ],
41 silly audit   'ua-parser-js': [ '1.0.41' ],
41 silly audit   'unbox-primitive': [ '1.1.0' ],
41 silly audit   'undici-types': [ '5.26.5' ],
41 silly audit   'unicode-canonical-property-names-ecmascript': [ '2.0.1' ],
41 silly audit   'unicode-match-property-ecmascript': [ '2.0.0' ],
41 silly audit   'unicode-match-property-value-ecmascript': [ '2.2.1' ],
41 silly audit   'unicode-property-aliases-ecmascript': [ '2.2.0' ],
41 silly audit   'unique-filename': [ '3.0.0' ],
41 silly audit   'unique-slug': [ '4.0.0' ],
41 silly audit   unpipe: [ '1.0.0' ],
41 silly audit   'update-browserslist-db': [ '1.3.1' ],
41 silly audit   'uri-js': [ '4.4.1' ],
41 silly audit   'url-join': [ '4.0.0' ],
41 silly audit   'url-parse': [ '1.5.10' ],
41 silly audit   'use-latest-callback': [ '0.2.6' ],
41 silly audit   util: [ '0.12.5' ],
41 silly audit   'util-deprecate': [ '1.0.2' ],
41 silly audit   'utils-merge': [ '1.0.1' ],
41 silly audit   uuid: [ '8.3.2', '7.0.3' ],
41 silly audit   'v8-to-istanbul': [ '9.3.0' ],
41 silly audit   'valid-url': [ '1.0.9' ],
41 silly audit   vary: [ '1.1.2' ],
41 silly audit   vlq: [ '1.0.1' ],
41 silly audit   'w3c-xmlserializer': [ '4.0.0' ],
41 silly audit   walker: [ '1.0.8' ],
41 silly audit   'warn-once': [ '0.1.1' ],
41 silly audit   wcwidth: [ '1.0.1' ],
41 silly audit   'web-encoding': [ '1.1.5' ],
41 silly audit   'web-streams-polyfill': [ '3.3.3' ],
41 silly audit   'websocket-driver': [ '0.7.5' ],
41 silly audit   'websocket-extensions': [ '0.1.4' ],
41 silly audit   'whatwg-encoding': [ '2.0.0' ],
41 silly audit   'whatwg-fetch': [ '3.6.20' ],
41 silly audit   'whatwg-mimetype': [ '3.0.0' ],
41 silly audit   'whatwg-url-without-unicode': [ '8.0.0-3' ],
41 silly audit   'which-boxed-primitive': [ '1.1.1' ],
41 silly audit   'which-builtin-type': [ '1.2.1' ],
41 silly audit   'which-collection': [ '1.0.2' ],
41 silly audit   'which-module': [ '2.0.1' ],
41 silly audit   'which-typed-array': [ '1.1.22' ],
41 silly audit   wonka: [ '4.0.15' ],
41 silly audit   wrappy: [ '1.0.2' ],
41 silly audit   xcode: [ '3.0.1' ],
41 silly audit   'xml-name-validator': [ '4.0.0' ],
41 silly audit   xml2js: [ '0.6.0' ],
41 silly audit   xmlchars: [ '2.2.0' ],
41 silly audit   xtend: [ '4.0.2' ],
41 silly audit   yaml: [ '2.9.0' ],
41 silly audit   'yocto-queue': [ '0.1.0' ],
41 silly audit   zod: [ '3.25.76' ],
41 silly audit   'zod-validation-error': [ '2.1.0' ],
41 silly audit   zustand: [ '5.0.14' ],
41 silly audit   '@react-native-firebase/auth': [ '20.5.0' ]
41 silly audit }
42 http cache @react-native-firebase/auth@https://registry.npmjs.org/@react-native-firebase/auth/-/auth-20.5.0.tgz 0ms (cache hit)
43 silly tarball no local data for @react-native-firebase/auth@https://registry.npmjs.org/@react-native-firebase/auth/-/auth-20.5.0.tgz. Extracting by manifest.
44 http fetch POST 200 https://registry.npmjs.org/-/npm/v1/security/advisories/bulk 531ms
45 silly audit report {
45 silly audit report   undici: [
45 silly audit report     {
45 silly audit report       id: 1101609,
45 silly audit report       url: 'https://github.com/advisories/GHSA-c76h-2ccp-4975',
45 silly audit report       title: 'Use of Insufficiently Random Values in undici',
45 silly audit report       severity: 'moderate',
45 silly audit report       vulnerable_versions: '>=6.0.0 <6.21.1',
45 silly audit report       cwe: [Array],
45 silly audit report       cvss: [Object]
45 silly audit report     },
45 silly audit report     {
45 silly audit report       id: 1101610,
45 silly audit report       url: 'https://github.com/advisories/GHSA-c76h-2ccp-4975',
45 silly audit report       title: 'Use of Insufficiently Random Values in undici',
45 silly audit report       severity: 'moderate',
45 silly audit report       vulnerable_versions: '>=4.5.0 <5.28.5',
45 silly audit report       cwe: [Array],
45 silly audit report       cvss: [Object]
45 silly audit report     },
45 silly audit report     {
45 silly audit report       id: 1112496,
45 silly audit report       url: 'https://github.com/advisories/GHSA-g9mf-h72j-4rw9',
45 silly audit report       title: 'Undici has an unbounded decompression chain in HTTP responses on Node.js Fetch API via Content-Encoding leads to resource exhaustion',
45 silly audit report       severity: 'moderate',
45 silly audit report       vulnerable_versions: '<6.23.0',
45 silly audit report       cwe: [Array],
45 silly audit report       cvss: [Object]
45 silly audit report     },
45 silly audit report     {
45 silly audit report       id: 1113068,
45 silly audit report       url: 'https://github.com/advisories/GHSA-cxrh-j4jr-qwg3',
45 silly audit report       title: 'undici Denial of Service attack via bad certificate data',
45 silly audit report       severity: 'low',
45 silly audit report       vulnerable_versions: '>=6.0.0 <6.21.2',
45 silly audit report       cwe: [Array],
45 silly audit report       cvss: [Object]
45 silly audit report     },
45 silly audit report     {
45 silly audit report       id: 1113069,
45 silly audit report       url: 'https://github.com/advisories/GHSA-cxrh-j4jr-qwg3',
45 silly audit report       title: 'undici Denial of Service attack via bad certificate data',
45 silly audit report       severity: 'low',
45 silly audit report       vulnerable_versions: '<5.29.0',
45 silly audit report       cwe: [Array],
45 silly audit report       cvss: [Object]
45 silly audit report     },
45 silly audit report     {
45 silly audit report       id: 1114592,
45 silly audit report       url: 'https://github.com/advisories/GHSA-f269-vfmq-vjvj',
45 silly audit report       title: 'Undici: Malicious WebSocket 64-bit length overflows parser and crashes the client',
45 silly audit report       severity: 'high',
45 silly audit report       vulnerable_versions: '>=6.0.0 <6.24.0',
45 silly audit report       cwe: [Array],
45 silly audit report       cvss: [Object]
45 silly audit report     },
45 silly audit report     {
45 silly audit report       id: 1114594,
45 silly audit report       url: 'https://github.com/advisories/GHSA-2mjp-6q6p-2qxm',
45 silly audit report       title: 'Undici has an HTTP Request/Response Smuggling issue',
45 silly audit report       severity: 'moderate',
45 silly audit report       vulnerable_versions: '<6.24.0',
45 silly audit report       cwe: [Array],
45 silly audit report       cvss: [Object]
45 silly audit report     },
45 silly audit report     {
45 silly audit report       id: 1114638,
45 silly audit report       url: 'https://github.com/advisories/GHSA-vrm6-8vpv-qv8q',
45 silly audit report       title: 'Undici has Unbounded Memory Consumption in WebSocket permessage-deflate Decompression',
45 silly audit report       severity: 'high',
45 silly audit report       vulnerable_versions: '<6.24.0',
45 silly audit report       cwe: [Array],
45 silly audit report       cvss: [Object]
45 silly audit report     },
45 silly audit report     {
45 silly audit report       id: 1114640,
45 silly audit report       url: 'https://github.com/advisories/GHSA-v9p9-hfj2-hcw8',
45 silly audit report       title: 'Undici has Unhandled Exception in WebSocket Client Due to Invalid server_max_window_bits Validation',
45 silly audit report       severity: 'high',
45 silly audit report       vulnerable_versions: '<6.24.0',
45 silly audit report       cwe: [Array],
45 silly audit report       cvss: [Object]
45 silly audit report     },
45 silly audit report     {
45 silly audit report       id: 1114642,
45 silly audit report       url: 'https://github.com/advisories/GHSA-4992-7rv2-5pvq',
45 silly audit report       title: 'Undici has CRLF Injection in undici via `upgrade` option',
45 silly audit report       severity: 'moderate',
45 silly audit report       vulnerable_versions: '<6.24.0',
45 silly audit report       cwe: [Array],
45 silly audit report       cvss: [Object]
45 silly audit report     },
45 silly audit report     {
45 silly audit report       id: 1130716,
45 silly audit report       url: 'https://github.com/advisories/GHSA-8xcm-r25x-g524',
45 silly audit report       title: 'undici vulnerable to downstream response desynchronization via retry interceptor',
45 silly audit report       severity: 'moderate',
45 silly audit report       vulnerable_versions: '<6.28.0',
45 silly audit report       cwe: [Array],
45 silly audit report       cvss: [Object]
45 silly audit report     },
45 silly audit report     {
45 silly audit report       id: 1130727,
45 silly audit report       url: 'https://github.com/advisories/GHSA-m8rv-5g2x-5cg5',
45 silly audit report       title: "undici vulnerable to CRLF Injection via blob-like body 'type' property",
45 silly audit report       severity: 'moderate',
45 silly audit report       vulnerable_versions: '<6.28.0',
45 silly audit report       cwe: [Array],
45 silly audit report       cvss: [Object]
45 silly audit report     },
45 silly audit report     {
45 silly audit report       id: 1130732,
45 silly audit report       url: 'https://github.com/advisories/GHSA-v3r7-h72x-cjcm',
45 silly audit report       title: 'undici vulnerable to cookie attribute injection via unsanitized domain and unparsed setCookie fields',
45 silly audit report       severity: 'moderate',
45 silly audit report       vulnerable_versions: '<6.28.0',
45 silly audit report       cwe: [Array],
45 silly audit report       cvss: [Object]
45 silly audit report     },
45 silly audit report     {
45 silly audit report       id: 1121242,
45 silly audit report       url: 'https://github.com/advisories/GHSA-p88m-4jfj-68fv',
45 silly audit report       title: 'undici vulnerable to HTTP header injection via Set-Cookie percent-decoding',
45 silly audit report       severity: 'moderate',
45 silly audit report       vulnerable_versions: '<6.27.0',
45 silly audit report       cwe: [Array],
45 silly audit report       cvss: [Object]
45 silly audit report     },
45 silly audit report     {
45 silly audit report       id: 1121245,
45 silly audit report       url: 'https://github.com/advisories/GHSA-vxpw-j846-p89q',
45 silly audit report       title: 'undici WebSocket client vulnerable to denial of service via fragment count bypass',
45 silly audit report       severity: 'high',
45 silly audit report       vulnerable_versions: '<6.27.0',
45 silly audit report       cwe: [Array],
45 silly audit report       cvss: [Object]
45 silly audit report     },
45 silly audit report     {
45 silly audit report       id: 1121255,
45 silly audit report       url: 'https://github.com/advisories/GHSA-g8m3-5g58-fq7m',
45 silly audit report       title: 'undici vulnerable to Set-Cookie SameSite attribute downgrade via permissive substring matching',
45 silly audit report       severity: 'low',
45 silly audit report       vulnerable_versions: '<6.27.0',
45 silly audit report       cwe: [Array],
45 silly audit report       cvss: [Object]
45 silly audit report     },
45 silly audit report     {
45 silly audit report       id: 1137243,
45 silly audit report       url: 'https://github.com/advisories/GHSA-35p6-xmwp-9g52',
45 silly audit report       title: 'undici vulnerable to HTTP response queue poisoning via keep-alive socket reuse',
45 silly audit report       severity: 'low',
45 silly audit report       vulnerable_versions: '<6.27.0',
45 silly audit report       cwe: [Array],
45 silly audit report       cvss: [Object]
45 silly audit report     }
45 silly audit report   ],
45 silly audit report   '@xmldom/xmldom': [
45 silly audit report     {
45 silly audit report       id: 1117097,
45 silly audit report       url: 'https://github.com/advisories/GHSA-wh4c-j3r5-mjhp',
45 silly audit report       title: 'xmldom: XML injection via unsafe CDATA serialization allows attacker-controlled markup insertion',
45 silly audit report       severity: 'high',
45 silly audit report       vulnerable_versions: '<0.8.12',
45 silly audit report       cwe: [Array],
45 silly audit report       cvss: [Object]
45 silly audit report     },
45 silly audit report     {
45 silly audit report       id: 1117894,
45 silly audit report       url: 'https://github.com/advisories/GHSA-2v35-w6hq-6mfw',
45 silly audit report       title: 'xmldom: Uncontrolled recursion in XML serialization leads to DoS',
45 silly audit report       severity: 'high',
45 silly audit report       vulnerable_versions: '<0.8.13',
45 silly audit report       cwe: [Array],
45 silly audit report       cvss: [Object]
45 silly audit report     },
45 silly audit report     {
45 silly audit report       id: 1117897,
45 silly audit report       url: 'https://github.com/advisories/GHSA-f6ww-3ggp-fr8h',
45 silly audit report       title: 'xmldom has XML injection through unvalidated DocumentType serialization',
45 silly audit report       severity: 'high',
45 silly audit report       vulnerable_versions: '<0.8.13',
45 silly audit report       cwe: [Array],
45 silly audit report       cvss: [Object]
45 silly audit report     },
45 silly audit report     {
45 silly audit report       id: 1117900,
45 silly audit report       url: 'https://github.com/advisories/GHSA-x6wf-f3px-wcqx',
45 silly audit report       title: 'xmldom has XML node injection through unvalidated processing instruction serialization',
45 silly audit report       severity: 'high',
45 silly audit report       vulnerable_versions: '<0.8.13',
45 silly audit report       cwe: [Array],
45 silly audit report       cvss: [Object]
45 silly audit report     },
45 silly audit report     {
45 silly audit report       id: 1117903,
45 silly audit report       url: 'https://github.com/advisories/GHSA-j759-j44w-7fr8',
45 silly audit report       title: 'xmldom has XML node injection through unvalidated comment serialization',
45 silly audit report       severity: 'high',
45 silly audit report       vulnerable_versions: '<0.8.13',
45 silly audit report       cwe: [Array],
45 silly audit report       cvss: [Object]
45 silly audit report     }
45 silly audit report   ],
45 silly audit report   ajv: [
45 silly audit report     {
45 silly audit report       id: 1113715,
45 silly audit report       url: 'https://github.com/advisories/GHSA-2g4f-4pwh-qvx6',
45 silly audit report       title: 'ajv has ReDoS when using `$data` option',
45 silly audit report       severity: 'moderate',
45 silly audit report       vulnerable_versions: '>=7.0.0-alpha.0 <8.18.0',
45 silly audit report       cwe: [Array],
45 silly audit report       cvss: [Object]
45 silly audit report     }
45 silly audit report   ],
45 silly audit report   'fast-xml-parser': [
45 silly audit report     {
45 silly audit report       id: 1117911,
45 silly audit report       url: 'https://github.com/advisories/GHSA-gh4j-gqv2-49f6',
45 silly audit report       title: 'fast-xml-parser XMLBuilder: XML Comment and CDATA Injection via Unescaped Delimiters',
45 silly audit report       severity: 'moderate',
45 silly audit report       vulnerable_versions: '<5.7.0',
45 silly audit report       cwe: [Array],
45 silly audit report       cvss: [Object]
45 silly audit report     }
45 silly audit report   ],
45 silly audit report   'image-size': [
45 silly audit report     {
45 silly audit report       id: 1138808,
45 silly audit report       url: 'https://github.com/advisories/GHSA-w3rx-r6r6-pgpr',
45 silly audit report       title: 'image-size: ICNS parser allows denial of service through an infinite loop',
45 silly audit report       severity: 'high',
45 silly audit report       vulnerable_versions: '<=2.0.2',
45 silly audit report       cwe: [Array],
45 silly audit report       cvss: [Object]
45 silly audit report     },
45 silly audit report     {
45 silly audit report       id: 1138809,
45 silly audit report       url: 'https://github.com/advisories/GHSA-5p2g-fcmc-qvqq',
45 silly audit report       title: 'image-size: JXL and HEIF parsers allow denial of service through infinite loops',
45 silly audit report       severity: 'high',
45 silly audit report       vulnerable_versions: '<=2.0.2',
45 silly audit report       cwe: [Array],
45 silly audit report       cvss: [Object]
45 silly audit report     }
45 silly audit report   ],
45 silly audit report   postcss: [
45 silly audit report     {
45 silly audit report       id: 1130709,
45 silly audit report       url: 'https://github.com/advisories/GHSA-fxqj-rqcc-2cmp',
45 silly audit report       title: 'PostCSS: incomplete fix of GHSA-6g55-p6wh-862q — attacker-controlled sourceMappingURL reads arbitrary .map files when `from` is unset',
45 silly audit report       severity: 'moderate',
45 silly audit report       vulnerable_versions: '<=8.5.22',
45 silly audit report       cwe: [Array],
45 silly audit report       cvss: [Object]
45 silly audit report     },
45 silly audit report     {
45 silly audit report       id: 1117015,
45 silly audit report       url: 'https://github.com/advisories/GHSA-qx2v-qp2m-jg93',
45 silly audit report       title: 'PostCSS has XSS via Unescaped </style> in its CSS Stringify Output',
45 silly audit report       severity: 'moderate',
45 silly audit report       vulnerable_versions: '<8.5.10',
45 silly audit report       cwe: [Array],
45 silly audit report       cvss: [Object]
45 silly audit report     },
45 silly audit report     {
45 silly audit report       id: 1124252,
45 silly audit report       url: 'https://github.com/advisories/GHSA-6g55-p6wh-862q',
45 silly audit report       title: 'PostCSS: Arbitrary file read and information disclosure via attacker-controlled sourceMappingURL in CSS comments',
45 silly audit report       severity: 'high',
45 silly audit report       vulnerable_versions: '<=8.5.11',
45 silly audit report       cwe: [Array],
45 silly audit report       cvss: [Object]
45 silly audit report     },
45 silly audit report     {
45 silly audit report       id: 1124288,
45 silly audit report       url: 'https://github.com/advisories/GHSA-r28c-9q8g-f849',
45 silly audit report       title: 'PostCSS: Path Traversal in Previous Source Map Auto-Loading (sourceMappingURL) leads to Arbitrary .map File Disclosure',
45 silly audit report       severity: 'high',
45 silly audit report       vulnerable_versions: '<=8.5.17',
45 silly audit report       cwe: [Array],
45 silly audit report       cvss: [Object]
45 silly audit report     }
45 silly audit report   ],
45 silly audit report   send: [
45 silly audit report     {
45 silly audit report       id: 1109556,
45 silly audit report       url: 'https://github.com/advisories/GHSA-m6fv-jmcg-4jfg',
45 silly audit report       title: 'send vulnerable to template injection that can lead to XSS',
45 silly audit report       severity: 'low',
45 silly audit report       vulnerable_versions: '<0.19.0',
45 silly audit report       cwe: [Array],
45 silly audit report       cvss: [Object]
45 silly audit report     }
45 silly audit report   ],
45 silly audit report   tar: [
45 silly audit report     {
45 silly audit report       id: 1112659,
45 silly audit report       url: 'https://github.com/advisories/GHSA-34x7-hfp2-rc4v',
45 silly audit report       title: 'node-tar Vulnerable to Arbitrary File Creation/Overwrite via Hardlink Path Traversal',
45 silly audit report       severity: 'high',
45 silly audit report       vulnerable_versions: '<7.5.7',
45 silly audit report       cwe: [Array],
45 silly audit report       cvss: [Object]
45 silly audit report     },
45 silly audit report     {
45 silly audit report       id: 1113300,
45 silly audit report       url: 'https://github.com/advisories/GHSA-8qq5-rm4j-mr97',
45 silly audit report       title: 'node-tar is Vulnerable to Arbitrary File Overwrite and Symlink Poisoning via Insufficient Path Sanitization',
45 silly audit report       severity: 'high',
45 silly audit report       vulnerable_versions: '<=7.5.2',
45 silly audit report       cwe: [Array],
45 silly audit report       cvss: [Object]
45 silly audit report     },
45 silly audit report     {
45 silly audit report       id: 1113375,
45 silly audit report       url: 'https://github.com/advisories/GHSA-83g3-92jg-28cx',
45 silly audit report       title: 'Arbitrary File Read/Write via Hardlink Target Escape Through Symlink Chain in node-tar Extraction',
45 silly audit report       severity: 'high',
45 silly audit report       vulnerable_versions: '<7.5.8',
45 silly audit report       cwe: [Array],
45 silly audit report       cvss: [Object]
45 silly audit report     },
45 silly audit report     {
45 silly audit report       id: 1114200,
45 silly audit report       url: 'https://github.com/advisories/GHSA-qffp-2rhf-9h96',
45 silly audit report       title: 'tar has Hardlink Path Traversal via Drive-Relative Linkpath',
45 silly audit report       severity: 'high',
45 silly audit report       vulnerable_versions: '<=7.5.9',
45 silly audit report       cwe: [Array],
45 silly audit report       cvss: [Object]
45 silly audit report     },
45 silly audit report     {
45 silly audit report       id: 1114302,
45 silly audit report       url: 'https://github.com/advisories/GHSA-9ppj-qmqm-q256',
45 silly audit report       title: 'node-tar Symlink Path Traversal via Drive-Relative Linkpath',
45 silly audit report       severity: 'high',
45 silly audit report       vulnerable_versions: '<=7.5.10',
45 silly audit report       cwe: [Array],
45 silly audit report       cvss: [Object]
45 silly audit report     },
45 silly audit report     {
45 silly audit report       id: 1120782,
45 silly audit report       url: 'https://github.com/advisories/GHSA-vmf3-w455-68vh',
45 silly audit report       title: 'node-tar applies PAX size override to intermediary GNU long-name/long-link headers, causing tar parser interpretation differential (file smuggling)',
45 silly audit report       severity: 'moderate',
45 silly audit report       vulnerable_versions: '<=7.5.15',
45 silly audit report       cwe: [Array],
45 silly audit report       cvss: [Object]
45 silly audit report     },
45 silly audit report     {
45 silly audit report       id: 1114680,
45 silly audit report       url: 'https://github.com/advisories/GHSA-r6q2-hw4h-h46w',
45 silly audit report       title: 'Race Condition in node-tar Path Reservations via Unicode Ligature Collisions on macOS APFS',
45 silly audit report       severity: 'high',
45 silly audit report       vulnerable_versions: '<=7.5.3',
45 silly audit report       cwe: [Array],
45 silly audit report       cvss: [Object]
45 silly audit report     },
45 silly audit report     {
45 silly audit report       id: 1123939,
45 silly audit report       url: 'https://github.com/advisories/GHSA-w8wr-v893-vjvp',
45 silly audit report       title: 'node-tar: Process crash via PAX numeric path type confusion',
45 silly audit report       severity: 'moderate',
45 silly audit report       vulnerable_versions: '<=7.5.17',
45 silly audit report       cwe: [Array],
45 silly audit report       cvss: [Object]
45 silly audit report     },
45 silly audit report     {
45 silly audit report       id: 1123940,
45 silly audit report       url: 'https://github.com/advisories/GHSA-23hp-3jrh-7fpw',
45 silly audit report       title: 'node-tar: Decompression/parse DoS via unlimited input',
45 silly audit report       severity: 'critical',
45 silly audit report       vulnerable_versions: '<=7.5.18',
45 silly audit report       cwe: [Array],
45 silly audit report       cvss: [Object]
45 silly audit report     },
45 silly audit report     {
45 silly audit report       id: 1123941,
45 silly audit report       url: 'https://github.com/advisories/GHSA-8x88-c5mf-7j5w',
45 silly audit report       title: 'node-tar: Negative tar entry size causes infinite loop in archive replace',
45 silly audit report       severity: 'high',
45 silly audit report       vulnerable_versions: '<=7.5.17',
45 silly audit report       cwe: [Array],
45 silly audit report       cvss: [Object]
45 silly audit report     },
45 silly audit report     {
45 silly audit report       id: 1123942,
45 silly audit report       url: 'https://github.com/advisories/GHSA-gvwx-54wh-qm9j',
45 silly audit report       title: 'node-tar: Uncaught Exception DoS via NUL byte in PAX path/linkpath records',
45 silly audit report       severity: 'moderate',
45 silly audit report       vulnerable_versions: '<=7.5.16',
45 silly audit report       cwe: [Array],
45 silly audit report       cvss: [Object]
45 silly audit report     },
45 silly audit report     {
45 silly audit report       id: 1124287,
45 silly audit report       url: 'https://github.com/advisories/GHSA-r292-9mhp-454m',
45 silly audit report       title: 'node-tar: Uncontrolled recursion in mapHas/filesFilter allows uncatchable stack-overflow DoS via crafted long-path tar with member selection',
45 silly audit report       severity: 'moderate',
45 silly audit report       vulnerable_versions: '<=7.5.20',
45 silly audit report       cwe: [Array],
45 silly audit report       cvss: [Object]
45 silly audit report     }
45 silly audit report   ],
45 silly audit report   'turbo-stream': [
45 silly audit report     {
45 silly audit report       id: 1120080,
45 silly audit report       url: 'https://github.com/advisories/GHSA-rxv8-25v2-qmq8',
45 silly audit report       title: 'React Router vulnerable to Denial of Service via reflected user input in single-fetch',
45 silly audit report       severity: 'high',
45 silly audit report       vulnerable_versions: '<3.0.0',
45 silly audit report       cwe: [Array],
45 silly audit report       cvss: [Object]
45 silly audit report     }
45 silly audit report   ],
45 silly audit report   uuid: [
45 silly audit report     {
45 silly audit report       id: 1119441,
45 silly audit report       url: 'https://github.com/advisories/GHSA-w5hq-g745-h8pq',
45 silly audit report       title: 'uuid: Missing buffer bounds check in v3/v5/v6 when buf is provided',
45 silly audit report       severity: 'moderate',
45 silly audit report       vulnerable_versions: '<11.1.1',
45 silly audit report       cwe: [Array],
45 silly audit report       cvss: [Object]
45 silly audit report     }
45 silly audit report   ]
45 silly audit report }
46 silly packumentCache corgi:https://registry.npmjs.org/undici cache-miss
47 silly packumentCache corgi:https://registry.npmjs.org/@xmldom%2fxmldom cache-miss
48 silly packumentCache corgi:https://registry.npmjs.org/ajv cache-miss
49 silly packumentCache corgi:https://registry.npmjs.org/fast-xml-parser cache-miss
50 silly packumentCache corgi:https://registry.npmjs.org/image-size cache-miss
51 silly packumentCache corgi:https://registry.npmjs.org/postcss cache-miss
52 silly packumentCache corgi:https://registry.npmjs.org/send cache-miss
53 silly packumentCache corgi:https://registry.npmjs.org/tar cache-miss
54 silly packumentCache corgi:https://registry.npmjs.org/turbo-stream cache-miss
55 silly packumentCache corgi:https://registry.npmjs.org/uuid cache-miss
56 http fetch GET 200 https://registry.npmjs.org/undici 343ms (cache miss)
57 silly packumentCache corgi:https://registry.npmjs.org/undici set size:undefined disposed:false
58 http fetch GET 200 https://registry.npmjs.org/@react-native-firebase/auth/-/auth-20.5.0.tgz 1005ms (cache miss)
59 http fetch GET 200 https://registry.npmjs.org/send 751ms (cache miss)
60 silly packumentCache corgi:https://registry.npmjs.org/send set size:undefined disposed:false
61 http fetch GET 200 https://registry.npmjs.org/@xmldom%2fxmldom 755ms (cache miss)
62 silly packumentCache corgi:https://registry.npmjs.org/@xmldom%2fxmldom set size:undefined disposed:false
63 http fetch GET 200 https://registry.npmjs.org/tar 761ms (cache miss)
64 silly packumentCache corgi:https://registry.npmjs.org/tar set size:undefined disposed:false
65 http fetch GET 200 https://registry.npmjs.org/uuid 868ms (cache miss)
66 silly packumentCache corgi:https://registry.npmjs.org/uuid set size:undefined disposed:false
67 http fetch GET 200 https://registry.npmjs.org/ajv 888ms (cache miss)
68 silly packumentCache corgi:https://registry.npmjs.org/ajv set size:undefined disposed:false
69 http fetch GET 200 https://registry.npmjs.org/postcss 898ms (cache miss)
70 silly packumentCache corgi:https://registry.npmjs.org/postcss set size:undefined disposed:false
71 http fetch GET 200 https://registry.npmjs.org/turbo-stream 1048ms (cache miss)
72 silly packumentCache corgi:https://registry.npmjs.org/turbo-stream set size:undefined disposed:false
73 http fetch GET 200 https://registry.npmjs.org/image-size 1055ms (cache miss)
74 silly packumentCache corgi:https://registry.npmjs.org/image-size set size:undefined disposed:false
75 http fetch GET 200 https://registry.npmjs.org/fast-xml-parser 1092ms (cache miss)
76 silly packumentCache corgi:https://registry.npmjs.org/fast-xml-parser set size:undefined disposed:false
77 silly packumentCache corgi:https://registry.npmjs.org/@firebase%2fauth-compat cache-miss
78 silly packumentCache corgi:https://registry.npmjs.org/@firebase%2fauth cache-miss
79 silly packumentCache corgi:https://registry.npmjs.org/@firebase%2ffirestore cache-miss
80 silly packumentCache corgi:https://registry.npmjs.org/@firebase%2ffunctions cache-miss
81 silly packumentCache corgi:https://registry.npmjs.org/@firebase%2fstorage cache-miss
82 http fetch GET 200 https://registry.npmjs.org/@firebase%2fauth-compat 1534ms (cache miss)
83 silly packumentCache corgi:https://registry.npmjs.org/@firebase%2fauth-compat set size:undefined disposed:false
84 http fetch GET 200 https://registry.npmjs.org/@firebase%2fauth 5282ms (cache miss)
85 silly packumentCache corgi:https://registry.npmjs.org/@firebase%2fauth set size:undefined disposed:false
86 http fetch GET 200 https://registry.npmjs.org/@firebase%2ffirestore 10973ms (cache miss)
87 silly packumentCache corgi:https://registry.npmjs.org/@firebase%2ffirestore set size:undefined disposed:false
88 http fetch GET 200 https://registry.npmjs.org/@firebase%2fstorage 11245ms (cache miss)
89 silly packumentCache corgi:https://registry.npmjs.org/@firebase%2fstorage set size:undefined disposed:false
90 http fetch GET 200 https://registry.npmjs.org/@firebase%2ffunctions 13345ms (cache miss)
91 silly packumentCache corgi:https://registry.npmjs.org/@firebase%2ffunctions set size:undefined disposed:false
92 silly packumentCache corgi:https://registry.npmjs.org/@expo%2fplist cache-miss
93 http fetch GET 200 https://registry.npmjs.org/@expo%2fplist 828ms (cache miss)
94 silly packumentCache corgi:https://registry.npmjs.org/@expo%2fplist set size:undefined disposed:false
95 silly packumentCache corgi:https://registry.npmjs.org/expo-dev-launcher cache-miss
96 http fetch GET 200 https://registry.npmjs.org/expo-dev-launcher 831ms (cache miss)
97 silly packumentCache corgi:https://registry.npmjs.org/expo-dev-launcher set size:undefined disposed:false
98 silly packumentCache corgi:https://registry.npmjs.org/@react-native-community%2fcli-platform-android cache-miss
99 silly packumentCache corgi:https://registry.npmjs.org/@react-native-community%2fcli-platform-apple cache-miss
100 http fetch GET 200 https://registry.npmjs.org/@react-native-community%2fcli-platform-android 1206ms (cache miss)
101 silly packumentCache corgi:https://registry.npmjs.org/@react-native-community%2fcli-platform-android set size:undefined disposed:false
102 http fetch GET 200 https://registry.npmjs.org/@react-native-community%2fcli-platform-apple 1562ms (cache miss)
103 silly packumentCache corgi:https://registry.npmjs.org/@react-native-community%2fcli-platform-apple set size:undefined disposed:false
104 silly packumentCache corgi:https://registry.npmjs.org/metro cache-miss
105 http fetch GET 200 https://registry.npmjs.org/metro 801ms (cache miss)
106 silly packumentCache corgi:https://registry.npmjs.org/metro set size:undefined disposed:false
107 silly packumentCache corgi:https://registry.npmjs.org/@expo%2fmetro-config cache-miss
108 http fetch GET 200 https://registry.npmjs.org/@expo%2fmetro-config 1024ms (cache miss)
109 silly packumentCache corgi:https://registry.npmjs.org/@expo%2fmetro-config set size:undefined disposed:false
110 silly packumentCache corgi:https://registry.npmjs.org/@expo%2fcli cache-miss
111 http fetch GET 200 https://registry.npmjs.org/@expo%2fcli 418ms (cache miss)
112 silly packumentCache corgi:https://registry.npmjs.org/@expo%2fcli set size:undefined disposed:false
113 silly packumentCache corgi:https://registry.npmjs.org/cacache cache-miss
114 http fetch GET 200 https://registry.npmjs.org/cacache 705ms (cache miss)
115 silly packumentCache corgi:https://registry.npmjs.org/cacache set size:undefined disposed:false
116 silly packumentCache corgi:https://registry.npmjs.org/@remix-run%2fserver-runtime cache-miss
117 http fetch GET 200 https://registry.npmjs.org/@remix-run%2fserver-runtime 2310ms (cache miss)
118 silly packumentCache corgi:https://registry.npmjs.org/@remix-run%2fserver-runtime set size:undefined disposed:false
119 silly packumentCache corgi:https://registry.npmjs.org/@expo%2fbunyan cache-miss
120 silly packumentCache corgi:https://registry.npmjs.org/@expo%2frudder-sdk-node cache-miss
121 silly packumentCache corgi:https://registry.npmjs.org/xcode cache-miss
122 http fetch GET 200 https://registry.npmjs.org/@expo%2frudder-sdk-node 1179ms (cache miss)
123 silly packumentCache corgi:https://registry.npmjs.org/@expo%2frudder-sdk-node set size:undefined disposed:false
124 http fetch GET 200 https://registry.npmjs.org/@expo%2fbunyan 1254ms (cache miss)
125 silly packumentCache corgi:https://registry.npmjs.org/@expo%2fbunyan set size:undefined disposed:false
126 http fetch GET 200 https://registry.npmjs.org/xcode 1331ms (cache miss)
127 silly packumentCache corgi:https://registry.npmjs.org/xcode set size:undefined disposed:false
128 silly packumentCache corgi:https://registry.npmjs.org/firebase cache-miss
129 http fetch GET 200 https://registry.npmjs.org/firebase 2633ms (cache miss)
130 silly packumentCache corgi:https://registry.npmjs.org/firebase set size:undefined disposed:false
131 silly packumentCache corgi:https://registry.npmjs.org/@firebase%2ffirestore-compat cache-miss
132 http fetch GET 200 https://registry.npmjs.org/@firebase%2ffirestore-compat 10351ms (cache miss)
133 silly packumentCache corgi:https://registry.npmjs.org/@firebase%2ffirestore-compat set size:undefined disposed:false
134 silly packumentCache corgi:https://registry.npmjs.org/@firebase%2fstorage-compat cache-miss
135 http fetch GET 200 https://registry.npmjs.org/@firebase%2fstorage-compat 9221ms (cache miss)
136 silly packumentCache corgi:https://registry.npmjs.org/@firebase%2fstorage-compat set size:undefined disposed:false
137 silly packumentCache corgi:https://registry.npmjs.org/@firebase%2ffunctions-compat cache-miss
138 http fetch GET 200 https://registry.npmjs.org/@firebase%2ffunctions-compat 11144ms (cache miss)
139 silly packumentCache corgi:https://registry.npmjs.org/@firebase%2ffunctions-compat set size:undefined disposed:false
140 silly packumentCache corgi:https://registry.npmjs.org/@expo%2fconfig-plugins cache-miss
141 http fetch GET 200 https://registry.npmjs.org/@expo%2fconfig-plugins 543ms (cache miss)
142 silly packumentCache corgi:https://registry.npmjs.org/@expo%2fconfig-plugins set size:undefined disposed:false
143 silly packumentCache corgi:https://registry.npmjs.org/expo-dev-client cache-miss
144 http fetch GET 200 https://registry.npmjs.org/expo-dev-client 268ms (cache miss)
145 silly packumentCache corgi:https://registry.npmjs.org/expo-dev-client set size:undefined disposed:false
146 silly packumentCache corgi:https://registry.npmjs.org/@react-native-community%2fcli-doctor cache-miss
147 silly packumentCache corgi:https://registry.npmjs.org/@react-native-community%2fcli-hermes cache-miss
148 silly packumentCache corgi:https://registry.npmjs.org/react-native cache-miss
149 http fetch GET 200 https://registry.npmjs.org/@react-native-community%2fcli-doctor 1118ms (cache miss)
150 silly packumentCache corgi:https://registry.npmjs.org/@react-native-community%2fcli-doctor set size:undefined disposed:false
151 http fetch GET 200 https://registry.npmjs.org/@react-native-community%2fcli-hermes 1791ms (cache miss)
152 silly packumentCache corgi:https://registry.npmjs.org/@react-native-community%2fcli-hermes set size:undefined disposed:false
153 http fetch GET 200 https://registry.npmjs.org/react-native 2408ms (cache miss)
154 silly packumentCache corgi:https://registry.npmjs.org/react-native set size:undefined disposed:false
155 silly packumentCache corgi:https://registry.npmjs.org/@react-native-community%2fcli-platform-ios cache-miss
156 http fetch GET 200 https://registry.npmjs.org/@react-native-community%2fcli-platform-ios 1414ms (cache miss)
157 silly packumentCache corgi:https://registry.npmjs.org/@react-native-community%2fcli-platform-ios set size:undefined disposed:false
158 silly packumentCache corgi:https://registry.npmjs.org/@react-native%2fcommunity-cli-plugin cache-miss
159 silly packumentCache corgi:https://registry.npmjs.org/metro-config cache-miss
160 silly packumentCache corgi:https://registry.npmjs.org/metro-transform-worker cache-miss
161 http fetch GET 200 https://registry.npmjs.org/metro-transform-worker 175ms (cache miss)
162 silly packumentCache corgi:https://registry.npmjs.org/metro-transform-worker set size:undefined disposed:false
163 http fetch GET 200 https://registry.npmjs.org/metro-config 259ms (cache miss)
164 silly packumentCache corgi:https://registry.npmjs.org/metro-config set size:undefined disposed:false
165 http fetch GET 200 https://registry.npmjs.org/@react-native%2fcommunity-cli-plugin 925ms (cache miss)
166 silly packumentCache corgi:https://registry.npmjs.org/@react-native%2fcommunity-cli-plugin set size:undefined disposed:false
167 silly packumentCache corgi:https://registry.npmjs.org/expo cache-miss
168 http fetch GET 200 https://registry.npmjs.org/expo 818ms (cache miss)
169 silly packumentCache corgi:https://registry.npmjs.org/expo set size:undefined disposed:false
170 silly packumentCache corgi:https://registry.npmjs.org/@remix-run%2fnode cache-miss
171 http fetch GET 200 https://registry.npmjs.org/@remix-run%2fnode 1506ms (cache miss)
172 silly packumentCache corgi:https://registry.npmjs.org/@remix-run%2fnode set size:undefined disposed:false
173 silly packumentCache corgi:https://registry.npmjs.org/@react-native-firebase%2fapp cache-miss
174 http fetch GET 200 https://registry.npmjs.org/@react-native-firebase%2fapp 1292ms (cache miss)
175 silly packumentCache corgi:https://registry.npmjs.org/@react-native-firebase%2fapp set size:undefined disposed:false
